2026-08-01 08:23:55,628 | INFO | ================================================================================
2026-08-01 08:23:55,628 | INFO | YOLO + SAM2 Inference Started
2026-08-01 08:23:55,628 | INFO | Images         : /mnt/DATA/EE25M305/Sonar_Vision/Sonar_Dataset/images/test
2026-08-01 08:23:55,628 | INFO | YOLO Weights   : /mnt/DATA/EE25M305/Sonar_Vision/run/train/sonar_yolov11_s/weights/best.pt
2026-08-01 08:23:55,628 | INFO | SAM Config     : sam2.1/sam2.1_hiera_s.yaml
2026-08-01 08:23:55,628 | INFO | SAM Checkpoint : /mnt/DATA/EE25M305/Sonar_Vision/sam2/checkpoints/sam2.1_hiera_small.pt
2026-08-01 08:23:55,628 | INFO | Device         : cuda
2026-08-01 08:23:56,369 | INFO | GPU            : NVIDIA GeForce RTX 2080 Ti
2026-08-01 08:23:56,369 | INFO | CUDA Version   : 13.0
2026-08-01 08:23:57,807 | INFO | Loading SAM2 model...
2026-08-01 08:23:59,239 | INFO | SAM2 model loaded successfully.
2026-08-01 08:23:59,241 | INFO | Total Images : 206
2026-08-01 08:23:59,737 | INFO | [1/206] marine_marine-debris-aris3k-1009.png | Time: 0.4966 sec | FPS: 2.01
2026-08-01 08:23:59,759 | INFO | [2/206] marine_marine-debris-aris3k-1018.png | Time: 0.0210 sec | FPS: 47.61
2026-08-01 08:23:59,844 | INFO | [3/206] marine_marine-debris-aris3k-1043.png | Time: 0.0855 sec | FPS: 11.69
2026-08-01 08:23:59,867 | INFO | [4/206] marine_marine-debris-aris3k-1046.png | Time: 0.0227 sec | FPS: 44.10
2026-08-01 08:23:59,888 | INFO | [5/206] marine_marine-debris-aris3k-1052.png | Time: 0.0205 sec | FPS: 48.69
2026-08-01 08:23:59,910 | INFO | [6/206] marine_marine-debris-aris3k-1056.png | Time: 0.0222 sec | FPS: 45.10
2026-08-01 08:23:59,933 | INFO | [7/206] marine_marine-debris-aris3k-1077.png | Time: 0.0227 sec | FPS: 44.14
2026-08-01 08:23:59,953 | INFO | [8/206] marine_marine-debris-aris3k-1081.png | Time: 0.0195 sec | FPS: 51.24
2026-08-01 08:23:59,976 | INFO | [9/206] marine_marine-debris-aris3k-1084.png | Time: 0.0224 sec | FPS: 44.57
2026-08-01 08:24:00,000 | INFO | [10/206] marine_marine-debris-aris3k-110.png | Time: 0.0243 sec | FPS: 41.15
2026-08-01 08:24:00,023 | INFO | [11/206] marine_marine-debris-aris3k-1114.png | Time: 0.0224 sec | FPS: 44.71
2026-08-01 08:24:00,045 | INFO | [12/206] marine_marine-debris-aris3k-1119.png | Time: 0.0222 sec | FPS: 45.13
2026-08-01 08:24:00,066 | INFO | [13/206] marine_marine-debris-aris3k-1125.png | Time: 0.0205 sec | FPS: 48.76
2026-08-01 08:24:00,084 | INFO | [14/206] marine_marine-debris-aris3k-1129.png | Time: 0.0182 sec | FPS: 54.84
2026-08-01 08:24:00,105 | INFO | [15/206] marine_marine-debris-aris3k-1142.png | Time: 0.0202 sec | FPS: 49.40
2026-08-01 08:24:00,123 | INFO | [16/206] marine_marine-debris-aris3k-1144.png | Time: 0.0179 sec | FPS: 55.90
2026-08-01 08:24:00,144 | INFO | [17/206] marine_marine-debris-aris3k-1158.png | Time: 0.0204 sec | FPS: 49.08
2026-08-01 08:24:00,162 | INFO | [18/206] marine_marine-debris-aris3k-1165.png | Time: 0.0187 sec | FPS: 53.51
2026-08-01 08:24:00,183 | INFO | [19/206] marine_marine-debris-aris3k-1168.png | Time: 0.0204 sec | FPS: 49.10
2026-08-01 08:24:00,203 | INFO | [20/206] marine_marine-debris-aris3k-117.png | Time: 0.0201 sec | FPS: 49.72
2026-08-01 08:24:00,223 | INFO | [21/206] marine_marine-debris-aris3k-1176.png | Time: 0.0195 sec | FPS: 51.29
2026-08-01 08:24:00,247 | INFO | [22/206] marine_marine-debris-aris3k-1183.png | Time: 0.0234 sec | FPS: 42.72
2026-08-01 08:24:00,269 | INFO | [23/206] marine_marine-debris-aris3k-1186.png | Time: 0.0219 sec | FPS: 45.71
2026-08-01 08:24:00,292 | INFO | [24/206] marine_marine-debris-aris3k-12.png | Time: 0.0230 sec | FPS: 43.49
2026-08-01 08:24:00,314 | INFO | [25/206] marine_marine-debris-aris3k-1202.png | Time: 0.0218 sec | FPS: 45.85
2026-08-01 08:24:00,335 | INFO | [26/206] marine_marine-debris-aris3k-1208.png | Time: 0.0202 sec | FPS: 49.59
2026-08-01 08:24:00,356 | INFO | [27/206] marine_marine-debris-aris3k-1227.png | Time: 0.0215 sec | FPS: 46.56
2026-08-01 08:24:00,376 | INFO | [28/206] marine_marine-debris-aris3k-1252.png | Time: 0.0199 sec | FPS: 50.37
2026-08-01 08:24:00,395 | INFO | [29/206] marine_marine-debris-aris3k-1254.png | Time: 0.0184 sec | FPS: 54.27
2026-08-01 08:24:00,417 | INFO | [30/206] marine_marine-debris-aris3k-1260.png | Time: 0.0222 sec | FPS: 45.05
2026-08-01 08:24:00,438 | INFO | [31/206] marine_marine-debris-aris3k-128.png | Time: 0.0208 sec | FPS: 48.09
2026-08-01 08:24:00,460 | INFO | [32/206] marine_marine-debris-aris3k-1284.png | Time: 0.0212 sec | FPS: 47.06
2026-08-01 08:24:00,483 | INFO | [33/206] marine_marine-debris-aris3k-1291.png | Time: 0.0224 sec | FPS: 44.69
2026-08-01 08:24:00,502 | INFO | [34/206] marine_marine-debris-aris3k-1292.png | Time: 0.0195 sec | FPS: 51.30
2026-08-01 08:24:00,523 | INFO | [35/206] marine_marine-debris-aris3k-1298.png | Time: 0.0207 sec | FPS: 48.21
2026-08-01 08:24:00,543 | INFO | [36/206] marine_marine-debris-aris3k-1299.png | Time: 0.0192 sec | FPS: 52.02
2026-08-01 08:24:00,563 | INFO | [37/206] marine_marine-debris-aris3k-1312.png | Time: 0.0197 sec | FPS: 50.66
2026-08-01 08:24:00,583 | INFO | [38/206] marine_marine-debris-aris3k-1351.png | Time: 0.0202 sec | FPS: 49.60
2026-08-01 08:24:00,604 | INFO | [39/206] marine_marine-debris-aris3k-1364.png | Time: 0.0207 sec | FPS: 48.36
2026-08-01 08:24:00,625 | INFO | [40/206] marine_marine-debris-aris3k-1384.png | Time: 0.0204 sec | FPS: 49.01
2026-08-01 08:24:00,643 | INFO | [41/206] marine_marine-debris-aris3k-1387.png | Time: 0.0183 sec | FPS: 54.72
2026-08-01 08:24:00,661 | INFO | [42/206] marine_marine-debris-aris3k-139.png | Time: 0.0179 sec | FPS: 55.91
2026-08-01 08:24:00,688 | INFO | [43/206] marine_marine-debris-aris3k-1394.png | Time: 0.0261 sec | FPS: 38.30
2026-08-01 08:24:00,710 | INFO | [44/206] marine_marine-debris-aris3k-140.png | Time: 0.0216 sec | FPS: 46.33
2026-08-01 08:24:00,733 | INFO | [45/206] marine_marine-debris-aris3k-1401.png | Time: 0.0228 sec | FPS: 43.94
2026-08-01 08:24:00,752 | INFO | [46/206] marine_marine-debris-aris3k-1403.png | Time: 0.0196 sec | FPS: 51.10
2026-08-01 08:24:00,775 | INFO | [47/206] marine_marine-debris-aris3k-1409.png | Time: 0.0228 sec | FPS: 43.83
2026-08-01 08:24:00,797 | INFO | [48/206] marine_marine-debris-aris3k-1417.png | Time: 0.0210 sec | FPS: 47.71
2026-08-01 08:24:00,815 | INFO | [49/206] marine_marine-debris-aris3k-142.png | Time: 0.0183 sec | FPS: 54.69
2026-08-01 08:24:00,835 | INFO | [50/206] marine_marine-debris-aris3k-1426.png | Time: 0.0202 sec | FPS: 49.48
2026-08-01 08:24:00,854 | INFO | [51/206] marine_marine-debris-aris3k-1449.png | Time: 0.0184 sec | FPS: 54.35
2026-08-01 08:24:00,875 | INFO | [52/206] marine_marine-debris-aris3k-1452.png | Time: 0.0210 sec | FPS: 47.61
2026-08-01 08:24:00,898 | INFO | [53/206] marine_marine-debris-aris3k-1460.png | Time: 0.0223 sec | FPS: 44.78
2026-08-01 08:24:00,917 | INFO | [54/206] marine_marine-debris-aris3k-1482.png | Time: 0.0189 sec | FPS: 52.92
2026-08-01 08:24:00,940 | INFO | [55/206] marine_marine-debris-aris3k-1485.png | Time: 0.0224 sec | FPS: 44.60
2026-08-01 08:24:00,960 | INFO | [56/206] marine_marine-debris-aris3k-1486.png | Time: 0.0202 sec | FPS: 49.55
2026-08-01 08:24:00,982 | INFO | [57/206] marine_marine-debris-aris3k-149.png | Time: 0.0214 sec | FPS: 46.74
2026-08-01 08:24:01,003 | INFO | [58/206] marine_marine-debris-aris3k-1491.png | Time: 0.0212 sec | FPS: 47.27
2026-08-01 08:24:01,022 | INFO | [59/206] marine_marine-debris-aris3k-1495.png | Time: 0.0186 sec | FPS: 53.70
2026-08-01 08:24:01,043 | INFO | [60/206] marine_marine-debris-aris3k-1504.png | Time: 0.0210 sec | FPS: 47.59
2026-08-01 08:24:01,065 | INFO | [61/206] marine_marine-debris-aris3k-151.png | Time: 0.0218 sec | FPS: 45.90
2026-08-01 08:24:01,087 | INFO | [62/206] marine_marine-debris-aris3k-1530.png | Time: 0.0209 sec | FPS: 47.77
2026-08-01 08:24:01,107 | INFO | [63/206] marine_marine-debris-aris3k-1538.png | Time: 0.0205 sec | FPS: 48.88
2026-08-01 08:24:01,126 | INFO | [64/206] marine_marine-debris-aris3k-1578.png | Time: 0.0188 sec | FPS: 53.14
2026-08-01 08:24:01,147 | INFO | [65/206] marine_marine-debris-aris3k-158.png | Time: 0.0207 sec | FPS: 48.40
2026-08-01 08:24:01,169 | INFO | [66/206] marine_marine-debris-aris3k-1596.png | Time: 0.0218 sec | FPS: 45.81
2026-08-01 08:24:01,189 | INFO | [67/206] marine_marine-debris-aris3k-1618.png | Time: 0.0193 sec | FPS: 51.92
2026-08-01 08:24:01,212 | INFO | [68/206] marine_marine-debris-aris3k-1624.png | Time: 0.0227 sec | FPS: 43.98
2026-08-01 08:24:01,231 | INFO | [69/206] marine_marine-debris-aris3k-1631.png | Time: 0.0193 sec | FPS: 51.90
2026-08-01 08:24:01,254 | INFO | [70/206] marine_marine-debris-aris3k-1652.png | Time: 0.0226 sec | FPS: 44.23
2026-08-01 08:24:01,276 | INFO | [71/206] marine_marine-debris-aris3k-166.png | Time: 0.0219 sec | FPS: 45.74
2026-08-01 08:24:01,295 | INFO | [72/206] marine_marine-debris-aris3k-1664.png | Time: 0.0190 sec | FPS: 52.65
2026-08-01 08:24:01,316 | INFO | [73/206] marine_marine-debris-aris3k-1665.png | Time: 0.0209 sec | FPS: 47.93
2026-08-01 08:24:01,335 | INFO | [74/206] marine_marine-debris-aris3k-1670.png | Time: 0.0186 sec | FPS: 53.81
2026-08-01 08:24:01,358 | INFO | [75/206] marine_marine-debris-aris3k-1680.png | Time: 0.0225 sec | FPS: 44.37
2026-08-01 08:24:01,382 | INFO | [76/206] marine_marine-debris-aris3k-1696.png | Time: 0.0241 sec | FPS: 41.54
2026-08-01 08:24:01,403 | INFO | [77/206] marine_marine-debris-aris3k-1698.png | Time: 0.0204 sec | FPS: 49.01
2026-08-01 08:24:01,426 | INFO | [78/206] marine_marine-debris-aris3k-1699.png | Time: 0.0221 sec | FPS: 45.31
2026-08-01 08:24:01,447 | INFO | [79/206] marine_marine-debris-aris3k-1700.png | Time: 0.0210 sec | FPS: 47.51
2026-08-01 08:24:01,466 | INFO | [80/206] marine_marine-debris-aris3k-1707.png | Time: 0.0191 sec | FPS: 52.34
2026-08-01 08:24:01,489 | INFO | [81/206] marine_marine-debris-aris3k-1727.png | Time: 0.0225 sec | FPS: 44.54
2026-08-01 08:24:01,508 | INFO | [82/206] marine_marine-debris-aris3k-1733.png | Time: 0.0194 sec | FPS: 51.42
2026-08-01 08:24:01,529 | INFO | [83/206] marine_marine-debris-aris3k-1737.png | Time: 0.0200 sec | FPS: 50.05
2026-08-01 08:24:01,550 | INFO | [84/206] marine_marine-debris-aris3k-1771.png | Time: 0.0207 sec | FPS: 48.28
2026-08-01 08:24:01,570 | INFO | [85/206] marine_marine-debris-aris3k-1776.png | Time: 0.0204 sec | FPS: 48.92
2026-08-01 08:24:01,593 | INFO | [86/206] marine_marine-debris-aris3k-1777.png | Time: 0.0229 sec | FPS: 43.67
2026-08-01 08:24:01,614 | INFO | [87/206] marine_marine-debris-aris3k-1788.png | Time: 0.0199 sec | FPS: 50.33
2026-08-01 08:24:01,634 | INFO | [88/206] marine_marine-debris-aris3k-1825.png | Time: 0.0204 sec | FPS: 49.06
2026-08-01 08:24:01,658 | INFO | [89/206] marine_marine-debris-aris3k-1833.png | Time: 0.0231 sec | FPS: 43.36
2026-08-01 08:24:01,677 | INFO | [90/206] marine_marine-debris-aris3k-1843.png | Time: 0.0193 sec | FPS: 51.74
2026-08-01 08:24:01,696 | INFO | [91/206] marine_marine-debris-aris3k-1844.png | Time: 0.0184 sec | FPS: 54.34
2026-08-01 08:24:01,717 | INFO | [92/206] marine_marine-debris-aris3k-185.png | Time: 0.0214 sec | FPS: 46.71
2026-08-01 08:24:01,741 | INFO | [93/206] marine_marine-debris-aris3k-1860.png | Time: 0.0231 sec | FPS: 43.27
2026-08-01 08:24:01,763 | INFO | [94/206] marine_marine-debris-aris3k-226.png | Time: 0.0225 sec | FPS: 44.40
2026-08-01 08:24:01,784 | INFO | [95/206] marine_marine-debris-aris3k-237.png | Time: 0.0206 sec | FPS: 48.55
2026-08-01 08:24:01,806 | INFO | [96/206] marine_marine-debris-aris3k-248.png | Time: 0.0213 sec | FPS: 46.92
2026-08-01 08:24:01,824 | INFO | [97/206] marine_marine-debris-aris3k-256.png | Time: 0.0182 sec | FPS: 55.00
2026-08-01 08:24:01,846 | INFO | [98/206] marine_marine-debris-aris3k-292.png | Time: 0.0212 sec | FPS: 47.06
2026-08-01 08:24:01,866 | INFO | [99/206] marine_marine-debris-aris3k-300.png | Time: 0.0203 sec | FPS: 49.25
2026-08-01 08:24:01,885 | INFO | [100/206] marine_marine-debris-aris3k-305.png | Time: 0.0188 sec | FPS: 53.26
2026-08-01 08:24:01,908 | INFO | [101/206] marine_marine-debris-aris3k-306.png | Time: 0.0223 sec | FPS: 44.91
2026-08-01 08:24:01,927 | INFO | [102/206] marine_marine-debris-aris3k-31.png | Time: 0.0188 sec | FPS: 53.18
2026-08-01 08:24:01,948 | INFO | [103/206] marine_marine-debris-aris3k-321.png | Time: 0.0211 sec | FPS: 47.35
2026-08-01 08:24:01,971 | INFO | [104/206] marine_marine-debris-aris3k-334.png | Time: 0.0223 sec | FPS: 44.79
2026-08-01 08:24:01,990 | INFO | [105/206] marine_marine-debris-aris3k-337.png | Time: 0.0188 sec | FPS: 53.31
2026-08-01 08:24:02,011 | INFO | [106/206] marine_marine-debris-aris3k-343.png | Time: 0.0205 sec | FPS: 48.84
2026-08-01 08:24:02,032 | INFO | [107/206] marine_marine-debris-aris3k-351.png | Time: 0.0209 sec | FPS: 47.84
2026-08-01 08:24:02,054 | INFO | [108/206] marine_marine-debris-aris3k-362.png | Time: 0.0216 sec | FPS: 46.32
2026-08-01 08:24:02,072 | INFO | [109/206] marine_marine-debris-aris3k-381.png | Time: 0.0180 sec | FPS: 55.53
2026-08-01 08:24:02,090 | INFO | [110/206] marine_marine-debris-aris3k-393.png | Time: 0.0181 sec | FPS: 55.15
2026-08-01 08:24:02,111 | INFO | [111/206] marine_marine-debris-aris3k-395.png | Time: 0.0209 sec | FPS: 47.77
2026-08-01 08:24:02,133 | INFO | [112/206] marine_marine-debris-aris3k-402.png | Time: 0.0214 sec | FPS: 46.68
2026-08-01 08:24:02,156 | INFO | [113/206] marine_marine-debris-aris3k-405.png | Time: 0.0226 sec | FPS: 44.34
2026-08-01 08:24:02,175 | INFO | [114/206] marine_marine-debris-aris3k-415.png | Time: 0.0193 sec | FPS: 51.70
2026-08-01 08:24:02,196 | INFO | [115/206] marine_marine-debris-aris3k-416.png | Time: 0.0206 sec | FPS: 48.60
2026-08-01 08:24:02,216 | INFO | [116/206] marine_marine-debris-aris3k-426.png | Time: 0.0193 sec | FPS: 51.93
2026-08-01 08:24:02,239 | INFO | [117/206] marine_marine-debris-aris3k-43.png | Time: 0.0234 sec | FPS: 42.76
2026-08-01 08:24:02,259 | INFO | [118/206] marine_marine-debris-aris3k-44.png | Time: 0.0194 sec | FPS: 51.66
2026-08-01 08:24:02,283 | INFO | [119/206] marine_marine-debris-aris3k-457.png | Time: 0.0243 sec | FPS: 41.22
2026-08-01 08:24:02,304 | INFO | [120/206] marine_marine-debris-aris3k-474.png | Time: 0.0208 sec | FPS: 48.00
2026-08-01 08:24:02,327 | INFO | [121/206] marine_marine-debris-aris3k-476.png | Time: 0.0224 sec | FPS: 44.56
2026-08-01 08:24:02,349 | INFO | [122/206] marine_marine-debris-aris3k-488.png | Time: 0.0216 sec | FPS: 46.36
2026-08-01 08:24:02,372 | INFO | [123/206] marine_marine-debris-aris3k-489.png | Time: 0.0226 sec | FPS: 44.26
2026-08-01 08:24:02,394 | INFO | [124/206] marine_marine-debris-aris3k-496.png | Time: 0.0220 sec | FPS: 45.38
2026-08-01 08:24:02,415 | INFO | [125/206] marine_marine-debris-aris3k-497.png | Time: 0.0204 sec | FPS: 48.91
2026-08-01 08:24:02,438 | INFO | [126/206] marine_marine-debris-aris3k-501.png | Time: 0.0225 sec | FPS: 44.45
2026-08-01 08:24:02,458 | INFO | [127/206] marine_marine-debris-aris3k-511.png | Time: 0.0207 sec | FPS: 48.28
2026-08-01 08:24:02,477 | INFO | [128/206] marine_marine-debris-aris3k-514.png | Time: 0.0182 sec | FPS: 54.95
2026-08-01 08:24:02,498 | INFO | [129/206] marine_marine-debris-aris3k-525.png | Time: 0.0211 sec | FPS: 47.46
2026-08-01 08:24:02,522 | INFO | [130/206] marine_marine-debris-aris3k-536.png | Time: 0.0231 sec | FPS: 43.22
2026-08-01 08:24:02,541 | INFO | [131/206] marine_marine-debris-aris3k-552.png | Time: 0.0191 sec | FPS: 52.41
2026-08-01 08:24:02,562 | INFO | [132/206] marine_marine-debris-aris3k-564.png | Time: 0.0208 sec | FPS: 48.16
2026-08-01 08:24:02,586 | INFO | [133/206] marine_marine-debris-aris3k-571.png | Time: 0.0236 sec | FPS: 42.30
2026-08-01 08:24:02,608 | INFO | [134/206] marine_marine-debris-aris3k-574.png | Time: 0.0216 sec | FPS: 46.29
2026-08-01 08:24:02,630 | INFO | [135/206] marine_marine-debris-aris3k-577.png | Time: 0.0216 sec | FPS: 46.30
2026-08-01 08:24:02,651 | INFO | [136/206] marine_marine-debris-aris3k-58.png | Time: 0.0215 sec | FPS: 46.55
2026-08-01 08:24:02,675 | INFO | [137/206] marine_marine-debris-aris3k-586.png | Time: 0.0232 sec | FPS: 43.12
2026-08-01 08:24:02,696 | INFO | [138/206] marine_marine-debris-aris3k-603.png | Time: 0.0215 sec | FPS: 46.42
2026-08-01 08:24:02,716 | INFO | [139/206] marine_marine-debris-aris3k-61.png | Time: 0.0194 sec | FPS: 51.58
2026-08-01 08:24:02,734 | INFO | [140/206] marine_marine-debris-aris3k-610.png | Time: 0.0180 sec | FPS: 55.55
2026-08-01 08:24:02,761 | INFO | [141/206] marine_marine-debris-aris3k-615.png | Time: 0.0265 sec | FPS: 37.77
2026-08-01 08:24:02,780 | INFO | [142/206] marine_marine-debris-aris3k-637.png | Time: 0.0187 sec | FPS: 53.53
2026-08-01 08:24:02,800 | INFO | [143/206] marine_marine-debris-aris3k-640.png | Time: 0.0200 sec | FPS: 49.93
2026-08-01 08:24:02,824 | INFO | [144/206] marine_marine-debris-aris3k-646.png | Time: 0.0232 sec | FPS: 43.03
2026-08-01 08:24:02,845 | INFO | [145/206] marine_marine-debris-aris3k-661.png | Time: 0.0209 sec | FPS: 47.76
2026-08-01 08:24:02,869 | INFO | [146/206] marine_marine-debris-aris3k-662.png | Time: 0.0236 sec | FPS: 42.42
2026-08-01 08:24:02,889 | INFO | [147/206] marine_marine-debris-aris3k-675.png | Time: 0.0197 sec | FPS: 50.68
2026-08-01 08:24:02,909 | INFO | [148/206] marine_marine-debris-aris3k-682.png | Time: 0.0204 sec | FPS: 49.14
2026-08-01 08:24:02,929 | INFO | [149/206] marine_marine-debris-aris3k-684.png | Time: 0.0194 sec | FPS: 51.65
2026-08-01 08:24:02,948 | INFO | [150/206] marine_marine-debris-aris3k-690.png | Time: 0.0188 sec | FPS: 53.16
2026-08-01 08:24:02,969 | INFO | [151/206] marine_marine-debris-aris3k-694.png | Time: 0.0212 sec | FPS: 47.22
2026-08-01 08:24:02,989 | INFO | [152/206] marine_marine-debris-aris3k-700.png | Time: 0.0191 sec | FPS: 52.43
2026-08-01 08:24:03,012 | INFO | [153/206] marine_marine-debris-aris3k-71.png | Time: 0.0233 sec | FPS: 43.00
2026-08-01 08:24:03,035 | INFO | [154/206] marine_marine-debris-aris3k-716.png | Time: 0.0229 sec | FPS: 43.58
2026-08-01 08:24:03,056 | INFO | [155/206] marine_marine-debris-aris3k-724.png | Time: 0.0199 sec | FPS: 50.14
2026-08-01 08:24:03,078 | INFO | [156/206] marine_marine-debris-aris3k-733.png | Time: 0.0223 sec | FPS: 44.88
2026-08-01 08:24:03,102 | INFO | [157/206] marine_marine-debris-aris3k-734.png | Time: 0.0232 sec | FPS: 43.16
2026-08-01 08:24:03,123 | INFO | [158/206] marine_marine-debris-aris3k-742.png | Time: 0.0207 sec | FPS: 48.28
2026-08-01 08:24:03,143 | INFO | [159/206] marine_marine-debris-aris3k-748.png | Time: 0.0200 sec | FPS: 49.96
2026-08-01 08:24:03,161 | INFO | [160/206] marine_marine-debris-aris3k-778.png | Time: 0.0175 sec | FPS: 57.22
2026-08-01 08:24:03,178 | INFO | [161/206] marine_marine-debris-aris3k-800.png | Time: 0.0168 sec | FPS: 59.60
2026-08-01 08:24:03,196 | INFO | [162/206] marine_marine-debris-aris3k-802.png | Time: 0.0188 sec | FPS: 53.14
2026-08-01 08:24:03,215 | INFO | [163/206] marine_marine-debris-aris3k-804.png | Time: 0.0180 sec | FPS: 55.55
2026-08-01 08:24:03,238 | INFO | [164/206] marine_marine-debris-aris3k-809.png | Time: 0.0235 sec | FPS: 42.53
2026-08-01 08:24:03,256 | INFO | [165/206] marine_marine-debris-aris3k-832.png | Time: 0.0173 sec | FPS: 57.65
2026-08-01 08:24:03,273 | INFO | [166/206] marine_marine-debris-aris3k-846.png | Time: 0.0169 sec | FPS: 59.19
2026-08-01 08:24:03,292 | INFO | [167/206] marine_marine-debris-aris3k-847.png | Time: 0.0187 sec | FPS: 53.36
2026-08-01 08:24:03,310 | INFO | [168/206] marine_marine-debris-aris3k-855.png | Time: 0.0186 sec | FPS: 53.65
2026-08-01 08:24:03,331 | INFO | [169/206] marine_marine-debris-aris3k-871.png | Time: 0.0200 sec | FPS: 49.96
2026-08-01 08:24:03,349 | INFO | [170/206] marine_marine-debris-aris3k-88.png | Time: 0.0178 sec | FPS: 56.04
2026-08-01 08:24:03,368 | INFO | [171/206] marine_marine-debris-aris3k-893.png | Time: 0.0188 sec | FPS: 53.05
2026-08-01 08:24:03,385 | INFO | [172/206] marine_marine-debris-aris3k-894.png | Time: 0.0172 sec | FPS: 58.25
2026-08-01 08:24:03,404 | INFO | [173/206] marine_marine-debris-aris3k-905.png | Time: 0.0186 sec | FPS: 53.79
2026-08-01 08:24:03,422 | INFO | [174/206] marine_marine-debris-aris3k-909.png | Time: 0.0178 sec | FPS: 56.02
2026-08-01 08:24:03,440 | INFO | [175/206] marine_marine-debris-aris3k-914.png | Time: 0.0178 sec | FPS: 56.11
2026-08-01 08:24:03,458 | INFO | [176/206] marine_marine-debris-aris3k-92.png | Time: 0.0187 sec | FPS: 53.36
2026-08-01 08:24:03,476 | INFO | [177/206] marine_marine-debris-aris3k-951.png | Time: 0.0170 sec | FPS: 58.70
2026-08-01 08:24:03,499 | INFO | [178/206] marine_marine-debris-aris3k-958.png | Time: 0.0230 sec | FPS: 43.40
2026-08-01 08:24:03,519 | INFO | [179/206] marine_marine-debris-aris3k-962.png | Time: 0.0203 sec | FPS: 49.22
2026-08-01 08:24:03,538 | INFO | [180/206] marine_marine-debris-aris3k-967.png | Time: 0.0188 sec | FPS: 53.05
2026-08-01 08:24:03,557 | INFO | [181/206] marine_marine-debris-aris3k-976.png | Time: 0.0182 sec | FPS: 55.09
2026-08-01 08:24:03,574 | INFO | [182/206] marine_marine-debris-aris3k-98.png | Time: 0.0176 sec | FPS: 56.83
2026-08-01 08:24:03,592 | INFO | [183/206] marine_marine-debris-aris3k-983.png | Time: 0.0171 sec | FPS: 58.51
2026-08-01 08:24:03,610 | INFO | [184/206] marine_marine-debris-aris3k-984.png | Time: 0.0184 sec | FPS: 54.39
2026-08-01 08:24:03,628 | INFO | [185/206] marine_marine-debris-aris3k-987.png | Time: 0.0174 sec | FPS: 57.53
2026-08-01 08:24:03,648 | INFO | [186/206] marine_marine-debris-aris3k-990.png | Time: 0.0201 sec | FPS: 49.80
2026-08-01 08:24:03,667 | INFO | [187/206] marine_marine-debris-aris3k-992.png | Time: 0.0191 sec | FPS: 52.44
2026-08-01 08:24:03,689 | INFO | [188/206] marine_marine-debris-aris3k-994.png | Time: 0.0220 sec | FPS: 45.41
2026-08-01 08:24:03,769 | INFO | [189/206] mine_sonar83_jpg.rf.d7d3ede15a0476a8184ccc9f645b5955.jpg | Time: 0.0798 sec | FPS: 12.54
2026-08-01 08:24:03,784 | INFO | [190/206] mine_sonar84_jpg.rf.c868661cca1c14bb308bd928c1d1e54e.jpg | Time: 0.0145 sec | FPS: 68.92
2026-08-01 08:24:03,798 | INFO | [191/206] mine_sonar85_jpg.rf.3192057ce4556f7bc56671317c50431d.jpg | Time: 0.0132 sec | FPS: 75.58
2026-08-01 08:24:03,812 | INFO | [192/206] mine_sonar86_jpg.rf.a7bc6bc21f73e1636afa72a097c8878d.jpg | Time: 0.0140 sec | FPS: 71.31
2026-08-01 08:24:03,826 | INFO | [193/206] mine_sonar87_jpg.rf.2275a8c6356a68f2cd026074fab0fbf9.jpg | Time: 0.0143 sec | FPS: 70.05
2026-08-01 08:24:03,842 | INFO | [194/206] mine_sonar88_jpg.rf.cedf05cfbba72b9bd38de6d126bbbe76.jpg | Time: 0.0149 sec | FPS: 66.92
2026-08-01 08:24:03,856 | INFO | [195/206] mine_sonar89_jpg.rf.54de267b1dd46896035a8017f896e8c9.jpg | Time: 0.0146 sec | FPS: 68.33
2026-08-01 08:24:03,871 | INFO | [196/206] mine_sonar8_jpg.rf.3efb1cf5aba7c2cefc21f1cab852b8ce.jpg | Time: 0.0146 sec | FPS: 68.68
2026-08-01 08:24:03,886 | INFO | [197/206] mine_sonar90_jpg.rf.6dc9e1afcd5f9914f03fdbac8afbbab0.jpg | Time: 0.0149 sec | FPS: 67.31
2026-08-01 08:24:03,900 | INFO | [198/206] mine_sonar91_jpg.rf.1cc5cf29d0846c05146afe5260759ec2.jpg | Time: 0.0138 sec | FPS: 72.50
2026-08-01 08:24:03,917 | INFO | [199/206] mine_sonar92_jpg.rf.20b9433b2d27be0a4842ef5b43d31013.jpg | Time: 0.0166 sec | FPS: 60.08
2026-08-01 08:24:03,932 | INFO | [200/206] mine_sonar94_jpg.rf.1b9070f4aa154d16825d53bd356771b1.jpg | Time: 0.0150 sec | FPS: 66.75
2026-08-01 08:24:03,947 | INFO | [201/206] mine_sonar95_jpg.rf.dc9cc7c34485f915bda19b029373de01.jpg | Time: 0.0147 sec | FPS: 68.09
2026-08-01 08:24:03,962 | INFO | [202/206] mine_sonar96_jpg.rf.a271f0c8428cb264f56e1a25e0c3a91b.jpg | Time: 0.0142 sec | FPS: 70.37
2026-08-01 08:24:03,977 | INFO | [203/206] mine_sonar97_jpg.rf.0af6e66998559e85188360e72524e548.jpg | Time: 0.0146 sec | FPS: 68.63
2026-08-01 08:24:03,992 | INFO | [204/206] mine_sonar98_jpg.rf.f96a3b6a5a2599496693839f96359cc9.jpg | Time: 0.0148 sec | FPS: 67.51
2026-08-01 08:24:04,007 | INFO | [205/206] mine_sonar99_jpg.rf.42ba912455226b1328983b8a958a69d9.jpg | Time: 0.0147 sec | FPS: 67.82
2026-08-01 08:24:04,022 | INFO | [206/206] mine_sonar9_jpg.rf.b7e7154933ddb10f144a7b89327c32a9.jpg | Time: 0.0149 sec | FPS: 67.03
2026-08-01 08:24:04,022 | INFO | --------------------------------------------------------------------------------
2026-08-01 08:24:04,022 | INFO | Inference Finished
2026-08-01 08:24:04,022 | INFO | Processed Images : 206
2026-08-01 08:24:04,022 | INFO | Total Time       : 4.73 sec
2026-08-01 08:24:04,023 | INFO | Average Time     : 0.0230 sec/image
2026-08-01 08:24:04,023 | INFO | Average FPS      : 43.51
2026-08-01 08:24:04,023 | INFO | Peak GPU Memory : 0.42 GB
2026-08-01 08:24:28,685 | INFO | ================================================================================
