2026-08-01 08:25:25,288 | INFO | ================================================================================
2026-08-01 08:25:25,288 | INFO | YOLO + SAM2 Inference Started
2026-08-01 08:25:25,288 | INFO | Images         : /mnt/DATA/EE25M305/Sonar_Vision/Sonar_Dataset/images/test
2026-08-01 08:25:25,289 | INFO | YOLO Weights   : /mnt/DATA/EE25M305/Sonar_Vision/run/train/sonar_yolov11_m/weights/best.pt
2026-08-01 08:25:25,289 | INFO | SAM Config     : sam2.1/sam2.1_hiera_s.yaml
2026-08-01 08:25:25,289 | INFO | SAM Checkpoint : /mnt/DATA/EE25M305/Sonar_Vision/sam2/checkpoints/sam2.1_hiera_small.pt
2026-08-01 08:25:25,289 | INFO | Device         : cuda
2026-08-01 08:25:26,023 | INFO | GPU            : NVIDIA GeForce RTX 2080 Ti
2026-08-01 08:25:26,023 | INFO | CUDA Version   : 13.0
2026-08-01 08:25:27,587 | INFO | Loading SAM2 model...
2026-08-01 08:25:28,992 | INFO | SAM2 model loaded successfully.
2026-08-01 08:25:28,993 | INFO | Total Images : 206
2026-08-01 08:25:29,503 | INFO | [1/206] marine_marine-debris-aris3k-1009.png | Time: 0.5093 sec | FPS: 1.96
2026-08-01 08:25:29,526 | INFO | [2/206] marine_marine-debris-aris3k-1018.png | Time: 0.0230 sec | FPS: 43.52
2026-08-01 08:25:29,608 | INFO | [3/206] marine_marine-debris-aris3k-1043.png | Time: 0.0818 sec | FPS: 12.23
2026-08-01 08:25:29,632 | INFO | [4/206] marine_marine-debris-aris3k-1046.png | Time: 0.0243 sec | FPS: 41.23
2026-08-01 08:25:29,655 | INFO | [5/206] marine_marine-debris-aris3k-1052.png | Time: 0.0225 sec | FPS: 44.37
2026-08-01 08:25:29,678 | INFO | [6/206] marine_marine-debris-aris3k-1056.png | Time: 0.0223 sec | FPS: 44.76
2026-08-01 08:25:29,703 | INFO | [7/206] marine_marine-debris-aris3k-1077.png | Time: 0.0248 sec | FPS: 40.25
2026-08-01 08:25:29,727 | INFO | [8/206] marine_marine-debris-aris3k-1081.png | Time: 0.0239 sec | FPS: 41.85
2026-08-01 08:25:29,752 | INFO | [9/206] marine_marine-debris-aris3k-1084.png | Time: 0.0249 sec | FPS: 40.23
2026-08-01 08:25:29,775 | INFO | [10/206] marine_marine-debris-aris3k-110.png | Time: 0.0225 sec | FPS: 44.40
2026-08-01 08:25:29,799 | INFO | [11/206] marine_marine-debris-aris3k-1114.png | Time: 0.0238 sec | FPS: 42.00
2026-08-01 08:25:29,822 | INFO | [12/206] marine_marine-debris-aris3k-1119.png | Time: 0.0233 sec | FPS: 42.88
2026-08-01 08:25:29,843 | INFO | [13/206] marine_marine-debris-aris3k-1125.png | Time: 0.0208 sec | FPS: 47.98
2026-08-01 08:25:29,864 | INFO | [14/206] marine_marine-debris-aris3k-1129.png | Time: 0.0199 sec | FPS: 50.13
2026-08-01 08:25:29,887 | INFO | [15/206] marine_marine-debris-aris3k-1142.png | Time: 0.0227 sec | FPS: 43.99
2026-08-01 08:25:29,910 | INFO | [16/206] marine_marine-debris-aris3k-1144.png | Time: 0.0230 sec | FPS: 43.52
2026-08-01 08:25:29,933 | INFO | [17/206] marine_marine-debris-aris3k-1158.png | Time: 0.0231 sec | FPS: 43.27
2026-08-01 08:25:29,956 | INFO | [18/206] marine_marine-debris-aris3k-1165.png | Time: 0.0224 sec | FPS: 44.58
2026-08-01 08:25:29,977 | INFO | [19/206] marine_marine-debris-aris3k-1168.png | Time: 0.0205 sec | FPS: 48.85
2026-08-01 08:25:30,002 | INFO | [20/206] marine_marine-debris-aris3k-117.png | Time: 0.0255 sec | FPS: 39.21
2026-08-01 08:25:30,026 | INFO | [21/206] marine_marine-debris-aris3k-1176.png | Time: 0.0232 sec | FPS: 43.17
2026-08-01 08:25:30,050 | INFO | [22/206] marine_marine-debris-aris3k-1183.png | Time: 0.0242 sec | FPS: 41.30
2026-08-01 08:25:30,071 | INFO | [23/206] marine_marine-debris-aris3k-1186.png | Time: 0.0210 sec | FPS: 47.55
2026-08-01 08:25:30,097 | INFO | [24/206] marine_marine-debris-aris3k-12.png | Time: 0.0254 sec | FPS: 39.34
2026-08-01 08:25:30,121 | INFO | [25/206] marine_marine-debris-aris3k-1202.png | Time: 0.0237 sec | FPS: 42.11
2026-08-01 08:25:30,145 | INFO | [26/206] marine_marine-debris-aris3k-1208.png | Time: 0.0235 sec | FPS: 42.57
2026-08-01 08:25:30,167 | INFO | [27/206] marine_marine-debris-aris3k-1227.png | Time: 0.0219 sec | FPS: 45.59
2026-08-01 08:25:30,190 | INFO | [28/206] marine_marine-debris-aris3k-1252.png | Time: 0.0225 sec | FPS: 44.38
2026-08-01 08:25:30,212 | INFO | [29/206] marine_marine-debris-aris3k-1254.png | Time: 0.0219 sec | FPS: 45.60
2026-08-01 08:25:30,235 | INFO | [30/206] marine_marine-debris-aris3k-1260.png | Time: 0.0225 sec | FPS: 44.52
2026-08-01 08:25:30,256 | INFO | [31/206] marine_marine-debris-aris3k-128.png | Time: 0.0210 sec | FPS: 47.71
2026-08-01 08:25:30,279 | INFO | [32/206] marine_marine-debris-aris3k-1284.png | Time: 0.0230 sec | FPS: 43.57
2026-08-01 08:25:30,304 | INFO | [33/206] marine_marine-debris-aris3k-1291.png | Time: 0.0252 sec | FPS: 39.75
2026-08-01 08:25:30,330 | INFO | [34/206] marine_marine-debris-aris3k-1292.png | Time: 0.0251 sec | FPS: 39.78
2026-08-01 08:25:30,354 | INFO | [35/206] marine_marine-debris-aris3k-1298.png | Time: 0.0238 sec | FPS: 42.00
2026-08-01 08:25:30,376 | INFO | [36/206] marine_marine-debris-aris3k-1299.png | Time: 0.0222 sec | FPS: 44.97
2026-08-01 08:25:30,398 | INFO | [37/206] marine_marine-debris-aris3k-1312.png | Time: 0.0215 sec | FPS: 46.51
2026-08-01 08:25:30,422 | INFO | [38/206] marine_marine-debris-aris3k-1351.png | Time: 0.0234 sec | FPS: 42.78
2026-08-01 08:25:30,448 | INFO | [39/206] marine_marine-debris-aris3k-1364.png | Time: 0.0259 sec | FPS: 38.63
2026-08-01 08:25:30,470 | INFO | [40/206] marine_marine-debris-aris3k-1384.png | Time: 0.0218 sec | FPS: 45.90
2026-08-01 08:25:30,493 | INFO | [41/206] marine_marine-debris-aris3k-1387.png | Time: 0.0232 sec | FPS: 43.15
2026-08-01 08:25:30,517 | INFO | [42/206] marine_marine-debris-aris3k-139.png | Time: 0.0238 sec | FPS: 42.08
2026-08-01 08:25:30,542 | INFO | [43/206] marine_marine-debris-aris3k-1394.png | Time: 0.0246 sec | FPS: 40.66
2026-08-01 08:25:30,566 | INFO | [44/206] marine_marine-debris-aris3k-140.png | Time: 0.0231 sec | FPS: 43.37
2026-08-01 08:25:30,593 | INFO | [45/206] marine_marine-debris-aris3k-1401.png | Time: 0.0273 sec | FPS: 36.67
2026-08-01 08:25:30,618 | INFO | [46/206] marine_marine-debris-aris3k-1403.png | Time: 0.0241 sec | FPS: 41.47
2026-08-01 08:25:30,643 | INFO | [47/206] marine_marine-debris-aris3k-1409.png | Time: 0.0255 sec | FPS: 39.25
2026-08-01 08:25:30,667 | INFO | [48/206] marine_marine-debris-aris3k-1417.png | Time: 0.0231 sec | FPS: 43.29
2026-08-01 08:25:30,691 | INFO | [49/206] marine_marine-debris-aris3k-142.png | Time: 0.0237 sec | FPS: 42.18
2026-08-01 08:25:30,718 | INFO | [50/206] marine_marine-debris-aris3k-1426.png | Time: 0.0271 sec | FPS: 36.89
2026-08-01 08:25:30,742 | INFO | [51/206] marine_marine-debris-aris3k-1449.png | Time: 0.0233 sec | FPS: 42.83
2026-08-01 08:25:30,764 | INFO | [52/206] marine_marine-debris-aris3k-1452.png | Time: 0.0224 sec | FPS: 44.67
2026-08-01 08:25:30,791 | INFO | [53/206] marine_marine-debris-aris3k-1460.png | Time: 0.0267 sec | FPS: 37.42
2026-08-01 08:25:30,816 | INFO | [54/206] marine_marine-debris-aris3k-1482.png | Time: 0.0242 sec | FPS: 41.33
2026-08-01 08:25:30,841 | INFO | [55/206] marine_marine-debris-aris3k-1485.png | Time: 0.0247 sec | FPS: 40.45
2026-08-01 08:25:30,865 | INFO | [56/206] marine_marine-debris-aris3k-1486.png | Time: 0.0240 sec | FPS: 41.74
2026-08-01 08:25:30,891 | INFO | [57/206] marine_marine-debris-aris3k-149.png | Time: 0.0254 sec | FPS: 39.30
2026-08-01 08:25:30,914 | INFO | [58/206] marine_marine-debris-aris3k-1491.png | Time: 0.0231 sec | FPS: 43.29
2026-08-01 08:25:30,936 | INFO | [59/206] marine_marine-debris-aris3k-1495.png | Time: 0.0214 sec | FPS: 46.78
2026-08-01 08:25:30,959 | INFO | [60/206] marine_marine-debris-aris3k-1504.png | Time: 0.0228 sec | FPS: 43.86
2026-08-01 08:25:30,982 | INFO | [61/206] marine_marine-debris-aris3k-151.png | Time: 0.0233 sec | FPS: 42.85
2026-08-01 08:25:31,005 | INFO | [62/206] marine_marine-debris-aris3k-1530.png | Time: 0.0222 sec | FPS: 45.12
2026-08-01 08:25:31,025 | INFO | [63/206] marine_marine-debris-aris3k-1538.png | Time: 0.0200 sec | FPS: 50.10
2026-08-01 08:25:31,048 | INFO | [64/206] marine_marine-debris-aris3k-1578.png | Time: 0.0229 sec | FPS: 43.60
2026-08-01 08:25:31,069 | INFO | [65/206] marine_marine-debris-aris3k-158.png | Time: 0.0202 sec | FPS: 49.62
2026-08-01 08:25:31,092 | INFO | [66/206] marine_marine-debris-aris3k-1596.png | Time: 0.0228 sec | FPS: 43.79
2026-08-01 08:25:31,116 | INFO | [67/206] marine_marine-debris-aris3k-1618.png | Time: 0.0242 sec | FPS: 41.41
2026-08-01 08:25:31,142 | INFO | [68/206] marine_marine-debris-aris3k-1624.png | Time: 0.0253 sec | FPS: 39.46
2026-08-01 08:25:31,166 | INFO | [69/206] marine_marine-debris-aris3k-1631.png | Time: 0.0236 sec | FPS: 42.40
2026-08-01 08:25:31,190 | INFO | [70/206] marine_marine-debris-aris3k-1652.png | Time: 0.0245 sec | FPS: 40.78
2026-08-01 08:25:31,215 | INFO | [71/206] marine_marine-debris-aris3k-166.png | Time: 0.0243 sec | FPS: 41.20
2026-08-01 08:25:31,238 | INFO | [72/206] marine_marine-debris-aris3k-1664.png | Time: 0.0232 sec | FPS: 43.03
2026-08-01 08:25:31,259 | INFO | [73/206] marine_marine-debris-aris3k-1665.png | Time: 0.0202 sec | FPS: 49.44
2026-08-01 08:25:31,281 | INFO | [74/206] marine_marine-debris-aris3k-1670.png | Time: 0.0220 sec | FPS: 45.37
2026-08-01 08:25:31,306 | INFO | [75/206] marine_marine-debris-aris3k-1680.png | Time: 0.0247 sec | FPS: 40.50
2026-08-01 08:25:31,329 | INFO | [76/206] marine_marine-debris-aris3k-1696.png | Time: 0.0224 sec | FPS: 44.72
2026-08-01 08:25:31,353 | INFO | [77/206] marine_marine-debris-aris3k-1698.png | Time: 0.0239 sec | FPS: 41.92
2026-08-01 08:25:31,377 | INFO | [78/206] marine_marine-debris-aris3k-1699.png | Time: 0.0239 sec | FPS: 41.92
2026-08-01 08:25:31,400 | INFO | [79/206] marine_marine-debris-aris3k-1700.png | Time: 0.0231 sec | FPS: 43.29
2026-08-01 08:25:31,421 | INFO | [80/206] marine_marine-debris-aris3k-1707.png | Time: 0.0202 sec | FPS: 49.60
2026-08-01 08:25:31,447 | INFO | [81/206] marine_marine-debris-aris3k-1727.png | Time: 0.0264 sec | FPS: 37.90
2026-08-01 08:25:31,471 | INFO | [82/206] marine_marine-debris-aris3k-1733.png | Time: 0.0235 sec | FPS: 42.55
2026-08-01 08:25:31,492 | INFO | [83/206] marine_marine-debris-aris3k-1737.png | Time: 0.0210 sec | FPS: 47.66
2026-08-01 08:25:31,512 | INFO | [84/206] marine_marine-debris-aris3k-1771.png | Time: 0.0199 sec | FPS: 50.31
2026-08-01 08:25:31,537 | INFO | [85/206] marine_marine-debris-aris3k-1776.png | Time: 0.0249 sec | FPS: 40.16
2026-08-01 08:25:31,562 | INFO | [86/206] marine_marine-debris-aris3k-1777.png | Time: 0.0242 sec | FPS: 41.32
2026-08-01 08:25:31,585 | INFO | [87/206] marine_marine-debris-aris3k-1788.png | Time: 0.0226 sec | FPS: 44.19
2026-08-01 08:25:31,607 | INFO | [88/206] marine_marine-debris-aris3k-1825.png | Time: 0.0221 sec | FPS: 45.16
2026-08-01 08:25:31,631 | INFO | [89/206] marine_marine-debris-aris3k-1833.png | Time: 0.0238 sec | FPS: 41.96
2026-08-01 08:25:31,653 | INFO | [90/206] marine_marine-debris-aris3k-1843.png | Time: 0.0211 sec | FPS: 47.47
2026-08-01 08:25:31,676 | INFO | [91/206] marine_marine-debris-aris3k-1844.png | Time: 0.0231 sec | FPS: 43.36
2026-08-01 08:25:31,698 | INFO | [92/206] marine_marine-debris-aris3k-185.png | Time: 0.0219 sec | FPS: 45.69
2026-08-01 08:25:31,721 | INFO | [93/206] marine_marine-debris-aris3k-1860.png | Time: 0.0225 sec | FPS: 44.43
2026-08-01 08:25:31,745 | INFO | [94/206] marine_marine-debris-aris3k-226.png | Time: 0.0239 sec | FPS: 41.77
2026-08-01 08:25:31,769 | INFO | [95/206] marine_marine-debris-aris3k-237.png | Time: 0.0239 sec | FPS: 41.89
2026-08-01 08:25:31,791 | INFO | [96/206] marine_marine-debris-aris3k-248.png | Time: 0.0213 sec | FPS: 46.88
2026-08-01 08:25:31,814 | INFO | [97/206] marine_marine-debris-aris3k-256.png | Time: 0.0230 sec | FPS: 43.52
2026-08-01 08:25:31,837 | INFO | [98/206] marine_marine-debris-aris3k-292.png | Time: 0.0227 sec | FPS: 44.03
2026-08-01 08:25:31,858 | INFO | [99/206] marine_marine-debris-aris3k-300.png | Time: 0.0211 sec | FPS: 47.45
2026-08-01 08:25:31,880 | INFO | [100/206] marine_marine-debris-aris3k-305.png | Time: 0.0216 sec | FPS: 46.21
2026-08-01 08:25:31,905 | INFO | [101/206] marine_marine-debris-aris3k-306.png | Time: 0.0243 sec | FPS: 41.20
2026-08-01 08:25:31,928 | INFO | [102/206] marine_marine-debris-aris3k-31.png | Time: 0.0227 sec | FPS: 44.04
2026-08-01 08:25:31,949 | INFO | [103/206] marine_marine-debris-aris3k-321.png | Time: 0.0208 sec | FPS: 48.12
2026-08-01 08:25:31,973 | INFO | [104/206] marine_marine-debris-aris3k-334.png | Time: 0.0244 sec | FPS: 40.93
2026-08-01 08:25:31,997 | INFO | [105/206] marine_marine-debris-aris3k-337.png | Time: 0.0232 sec | FPS: 43.16
2026-08-01 08:25:32,018 | INFO | [106/206] marine_marine-debris-aris3k-343.png | Time: 0.0207 sec | FPS: 48.23
2026-08-01 08:25:32,042 | INFO | [107/206] marine_marine-debris-aris3k-351.png | Time: 0.0245 sec | FPS: 40.85
2026-08-01 08:25:32,066 | INFO | [108/206] marine_marine-debris-aris3k-362.png | Time: 0.0228 sec | FPS: 43.85
2026-08-01 08:25:32,087 | INFO | [109/206] marine_marine-debris-aris3k-381.png | Time: 0.0212 sec | FPS: 47.27
2026-08-01 08:25:32,109 | INFO | [110/206] marine_marine-debris-aris3k-393.png | Time: 0.0222 sec | FPS: 45.10
2026-08-01 08:25:32,130 | INFO | [111/206] marine_marine-debris-aris3k-395.png | Time: 0.0203 sec | FPS: 49.34
2026-08-01 08:25:32,152 | INFO | [112/206] marine_marine-debris-aris3k-402.png | Time: 0.0223 sec | FPS: 44.88
2026-08-01 08:25:32,178 | INFO | [113/206] marine_marine-debris-aris3k-405.png | Time: 0.0249 sec | FPS: 40.18
2026-08-01 08:25:32,201 | INFO | [114/206] marine_marine-debris-aris3k-415.png | Time: 0.0234 sec | FPS: 42.74
2026-08-01 08:25:32,223 | INFO | [115/206] marine_marine-debris-aris3k-416.png | Time: 0.0219 sec | FPS: 45.64
2026-08-01 08:25:32,246 | INFO | [116/206] marine_marine-debris-aris3k-426.png | Time: 0.0220 sec | FPS: 45.48
2026-08-01 08:25:32,270 | INFO | [117/206] marine_marine-debris-aris3k-43.png | Time: 0.0244 sec | FPS: 40.91
2026-08-01 08:25:32,294 | INFO | [118/206] marine_marine-debris-aris3k-44.png | Time: 0.0236 sec | FPS: 42.43
2026-08-01 08:25:32,317 | INFO | [119/206] marine_marine-debris-aris3k-457.png | Time: 0.0227 sec | FPS: 44.05
2026-08-01 08:25:32,338 | INFO | [120/206] marine_marine-debris-aris3k-474.png | Time: 0.0210 sec | FPS: 47.53
2026-08-01 08:25:32,363 | INFO | [121/206] marine_marine-debris-aris3k-476.png | Time: 0.0241 sec | FPS: 41.46
2026-08-01 08:25:32,386 | INFO | [122/206] marine_marine-debris-aris3k-488.png | Time: 0.0232 sec | FPS: 43.12
2026-08-01 08:25:32,412 | INFO | [123/206] marine_marine-debris-aris3k-489.png | Time: 0.0256 sec | FPS: 39.00
2026-08-01 08:25:32,437 | INFO | [124/206] marine_marine-debris-aris3k-496.png | Time: 0.0244 sec | FPS: 41.05
2026-08-01 08:25:32,461 | INFO | [125/206] marine_marine-debris-aris3k-497.png | Time: 0.0239 sec | FPS: 41.91
2026-08-01 08:25:32,483 | INFO | [126/206] marine_marine-debris-aris3k-501.png | Time: 0.0221 sec | FPS: 45.16
2026-08-01 08:25:32,507 | INFO | [127/206] marine_marine-debris-aris3k-511.png | Time: 0.0235 sec | FPS: 42.52
2026-08-01 08:25:32,530 | INFO | [128/206] marine_marine-debris-aris3k-514.png | Time: 0.0229 sec | FPS: 43.59
2026-08-01 08:25:32,551 | INFO | [129/206] marine_marine-debris-aris3k-525.png | Time: 0.0203 sec | FPS: 49.14
2026-08-01 08:25:32,573 | INFO | [130/206] marine_marine-debris-aris3k-536.png | Time: 0.0219 sec | FPS: 45.58
2026-08-01 08:25:32,597 | INFO | [131/206] marine_marine-debris-aris3k-552.png | Time: 0.0239 sec | FPS: 41.90
2026-08-01 08:25:32,620 | INFO | [132/206] marine_marine-debris-aris3k-564.png | Time: 0.0231 sec | FPS: 43.22
2026-08-01 08:25:32,645 | INFO | [133/206] marine_marine-debris-aris3k-571.png | Time: 0.0248 sec | FPS: 40.25
2026-08-01 08:25:32,669 | INFO | [134/206] marine_marine-debris-aris3k-574.png | Time: 0.0232 sec | FPS: 43.15
2026-08-01 08:25:32,693 | INFO | [135/206] marine_marine-debris-aris3k-577.png | Time: 0.0241 sec | FPS: 41.56
2026-08-01 08:25:32,716 | INFO | [136/206] marine_marine-debris-aris3k-58.png | Time: 0.0226 sec | FPS: 44.25
2026-08-01 08:25:32,740 | INFO | [137/206] marine_marine-debris-aris3k-586.png | Time: 0.0234 sec | FPS: 42.73
2026-08-01 08:25:32,763 | INFO | [138/206] marine_marine-debris-aris3k-603.png | Time: 0.0228 sec | FPS: 43.79
2026-08-01 08:25:32,785 | INFO | [139/206] marine_marine-debris-aris3k-61.png | Time: 0.0221 sec | FPS: 45.30
2026-08-01 08:25:32,812 | INFO | [140/206] marine_marine-debris-aris3k-610.png | Time: 0.0269 sec | FPS: 37.21
2026-08-01 08:25:32,835 | INFO | [141/206] marine_marine-debris-aris3k-615.png | Time: 0.0228 sec | FPS: 43.93
2026-08-01 08:25:32,858 | INFO | [142/206] marine_marine-debris-aris3k-637.png | Time: 0.0223 sec | FPS: 44.86
2026-08-01 08:25:32,879 | INFO | [143/206] marine_marine-debris-aris3k-640.png | Time: 0.0205 sec | FPS: 48.78
2026-08-01 08:25:32,902 | INFO | [144/206] marine_marine-debris-aris3k-646.png | Time: 0.0226 sec | FPS: 44.23
2026-08-01 08:25:32,925 | INFO | [145/206] marine_marine-debris-aris3k-661.png | Time: 0.0227 sec | FPS: 44.04
2026-08-01 08:25:32,949 | INFO | [146/206] marine_marine-debris-aris3k-662.png | Time: 0.0237 sec | FPS: 42.14
2026-08-01 08:25:32,971 | INFO | [147/206] marine_marine-debris-aris3k-675.png | Time: 0.0218 sec | FPS: 45.92
2026-08-01 08:25:32,993 | INFO | [148/206] marine_marine-debris-aris3k-682.png | Time: 0.0225 sec | FPS: 44.46
2026-08-01 08:25:33,016 | INFO | [149/206] marine_marine-debris-aris3k-684.png | Time: 0.0224 sec | FPS: 44.63
2026-08-01 08:25:33,037 | INFO | [150/206] marine_marine-debris-aris3k-690.png | Time: 0.0208 sec | FPS: 47.99
2026-08-01 08:25:33,060 | INFO | [151/206] marine_marine-debris-aris3k-694.png | Time: 0.0223 sec | FPS: 44.94
2026-08-01 08:25:33,082 | INFO | [152/206] marine_marine-debris-aris3k-700.png | Time: 0.0221 sec | FPS: 45.23
2026-08-01 08:25:33,104 | INFO | [153/206] marine_marine-debris-aris3k-71.png | Time: 0.0222 sec | FPS: 44.97
2026-08-01 08:25:33,129 | INFO | [154/206] marine_marine-debris-aris3k-716.png | Time: 0.0241 sec | FPS: 41.48
2026-08-01 08:25:33,150 | INFO | [155/206] marine_marine-debris-aris3k-724.png | Time: 0.0207 sec | FPS: 48.36
2026-08-01 08:25:33,173 | INFO | [156/206] marine_marine-debris-aris3k-733.png | Time: 0.0236 sec | FPS: 42.29
2026-08-01 08:25:33,198 | INFO | [157/206] marine_marine-debris-aris3k-734.png | Time: 0.0244 sec | FPS: 41.06
2026-08-01 08:25:33,220 | INFO | [158/206] marine_marine-debris-aris3k-742.png | Time: 0.0220 sec | FPS: 45.52
2026-08-01 08:25:33,244 | INFO | [159/206] marine_marine-debris-aris3k-748.png | Time: 0.0229 sec | FPS: 43.70
2026-08-01 08:25:33,267 | INFO | [160/206] marine_marine-debris-aris3k-778.png | Time: 0.0228 sec | FPS: 43.90
2026-08-01 08:25:33,289 | INFO | [161/206] marine_marine-debris-aris3k-800.png | Time: 0.0225 sec | FPS: 44.39
2026-08-01 08:25:33,314 | INFO | [162/206] marine_marine-debris-aris3k-802.png | Time: 0.0247 sec | FPS: 40.50
2026-08-01 08:25:33,336 | INFO | [163/206] marine_marine-debris-aris3k-804.png | Time: 0.0213 sec | FPS: 46.92
2026-08-01 08:25:33,359 | INFO | [164/206] marine_marine-debris-aris3k-809.png | Time: 0.0229 sec | FPS: 43.74
2026-08-01 08:25:33,383 | INFO | [165/206] marine_marine-debris-aris3k-832.png | Time: 0.0235 sec | FPS: 42.58
2026-08-01 08:25:33,406 | INFO | [166/206] marine_marine-debris-aris3k-846.png | Time: 0.0231 sec | FPS: 43.27
2026-08-01 08:25:33,432 | INFO | [167/206] marine_marine-debris-aris3k-847.png | Time: 0.0253 sec | FPS: 39.59
2026-08-01 08:25:33,456 | INFO | [168/206] marine_marine-debris-aris3k-855.png | Time: 0.0243 sec | FPS: 41.19
2026-08-01 08:25:33,480 | INFO | [169/206] marine_marine-debris-aris3k-871.png | Time: 0.0234 sec | FPS: 42.71
2026-08-01 08:25:33,501 | INFO | [170/206] marine_marine-debris-aris3k-88.png | Time: 0.0210 sec | FPS: 47.60
2026-08-01 08:25:33,526 | INFO | [171/206] marine_marine-debris-aris3k-893.png | Time: 0.0243 sec | FPS: 41.11
2026-08-01 08:25:33,550 | INFO | [172/206] marine_marine-debris-aris3k-894.png | Time: 0.0237 sec | FPS: 42.26
2026-08-01 08:25:33,572 | INFO | [173/206] marine_marine-debris-aris3k-905.png | Time: 0.0225 sec | FPS: 44.41
2026-08-01 08:25:33,593 | INFO | [174/206] marine_marine-debris-aris3k-909.png | Time: 0.0205 sec | FPS: 48.78
2026-08-01 08:25:33,617 | INFO | [175/206] marine_marine-debris-aris3k-914.png | Time: 0.0240 sec | FPS: 41.67
2026-08-01 08:25:33,643 | INFO | [176/206] marine_marine-debris-aris3k-92.png | Time: 0.0252 sec | FPS: 39.73
2026-08-01 08:25:33,667 | INFO | [177/206] marine_marine-debris-aris3k-951.png | Time: 0.0238 sec | FPS: 42.02
2026-08-01 08:25:33,692 | INFO | [178/206] marine_marine-debris-aris3k-958.png | Time: 0.0250 sec | FPS: 40.05
2026-08-01 08:25:33,716 | INFO | [179/206] marine_marine-debris-aris3k-962.png | Time: 0.0241 sec | FPS: 41.56
2026-08-01 08:25:33,738 | INFO | [180/206] marine_marine-debris-aris3k-967.png | Time: 0.0214 sec | FPS: 46.76
2026-08-01 08:25:33,761 | INFO | [181/206] marine_marine-debris-aris3k-976.png | Time: 0.0224 sec | FPS: 44.57
2026-08-01 08:25:33,783 | INFO | [182/206] marine_marine-debris-aris3k-98.png | Time: 0.0223 sec | FPS: 44.83
2026-08-01 08:25:33,805 | INFO | [183/206] marine_marine-debris-aris3k-983.png | Time: 0.0211 sec | FPS: 47.36
2026-08-01 08:25:33,827 | INFO | [184/206] marine_marine-debris-aris3k-984.png | Time: 0.0221 sec | FPS: 45.20
2026-08-01 08:25:33,849 | INFO | [185/206] marine_marine-debris-aris3k-987.png | Time: 0.0222 sec | FPS: 45.00
2026-08-01 08:25:33,874 | INFO | [186/206] marine_marine-debris-aris3k-990.png | Time: 0.0239 sec | FPS: 41.82
2026-08-01 08:25:33,896 | INFO | [187/206] marine_marine-debris-aris3k-992.png | Time: 0.0225 sec | FPS: 44.38
2026-08-01 08:25:33,921 | INFO | [188/206] marine_marine-debris-aris3k-994.png | Time: 0.0239 sec | FPS: 41.92
2026-08-01 08:25:33,994 | INFO | [189/206] mine_sonar83_jpg.rf.d7d3ede15a0476a8184ccc9f645b5955.jpg | Time: 0.0734 sec | FPS: 13.62
2026-08-01 08:25:34,009 | INFO | [190/206] mine_sonar84_jpg.rf.c868661cca1c14bb308bd928c1d1e54e.jpg | Time: 0.0150 sec | FPS: 66.46
2026-08-01 08:25:34,025 | INFO | [191/206] mine_sonar85_jpg.rf.3192057ce4556f7bc56671317c50431d.jpg | Time: 0.0154 sec | FPS: 64.77
2026-08-01 08:25:34,041 | INFO | [192/206] mine_sonar86_jpg.rf.a7bc6bc21f73e1636afa72a097c8878d.jpg | Time: 0.0162 sec | FPS: 61.79
2026-08-01 08:25:34,059 | INFO | [193/206] mine_sonar87_jpg.rf.2275a8c6356a68f2cd026074fab0fbf9.jpg | Time: 0.0170 sec | FPS: 58.73
2026-08-01 08:25:34,076 | INFO | [194/206] mine_sonar88_jpg.rf.cedf05cfbba72b9bd38de6d126bbbe76.jpg | Time: 0.0171 sec | FPS: 58.65
2026-08-01 08:25:34,092 | INFO | [195/206] mine_sonar89_jpg.rf.54de267b1dd46896035a8017f896e8c9.jpg | Time: 0.0155 sec | FPS: 64.33
2026-08-01 08:25:34,109 | INFO | [196/206] mine_sonar8_jpg.rf.3efb1cf5aba7c2cefc21f1cab852b8ce.jpg | Time: 0.0168 sec | FPS: 59.65
2026-08-01 08:25:34,125 | INFO | [197/206] mine_sonar90_jpg.rf.6dc9e1afcd5f9914f03fdbac8afbbab0.jpg | Time: 0.0157 sec | FPS: 63.75
2026-08-01 08:25:34,142 | INFO | [198/206] mine_sonar91_jpg.rf.1cc5cf29d0846c05146afe5260759ec2.jpg | Time: 0.0166 sec | FPS: 60.30
2026-08-01 08:25:34,159 | INFO | [199/206] mine_sonar92_jpg.rf.20b9433b2d27be0a4842ef5b43d31013.jpg | Time: 0.0166 sec | FPS: 60.16
2026-08-01 08:25:34,174 | INFO | [200/206] mine_sonar94_jpg.rf.1b9070f4aa154d16825d53bd356771b1.jpg | Time: 0.0152 sec | FPS: 65.78
2026-08-01 08:25:34,189 | INFO | [201/206] mine_sonar95_jpg.rf.dc9cc7c34485f915bda19b029373de01.jpg | Time: 0.0152 sec | FPS: 65.78
2026-08-01 08:25:34,207 | INFO | [202/206] mine_sonar96_jpg.rf.a271f0c8428cb264f56e1a25e0c3a91b.jpg | Time: 0.0174 sec | FPS: 57.49
2026-08-01 08:25:34,224 | INFO | [203/206] mine_sonar97_jpg.rf.0af6e66998559e85188360e72524e548.jpg | Time: 0.0163 sec | FPS: 61.40
2026-08-01 08:25:34,242 | INFO | [204/206] mine_sonar98_jpg.rf.f96a3b6a5a2599496693839f96359cc9.jpg | Time: 0.0178 sec | FPS: 56.15
2026-08-01 08:25:34,259 | INFO | [205/206] mine_sonar99_jpg.rf.42ba912455226b1328983b8a958a69d9.jpg | Time: 0.0176 sec | FPS: 56.81
2026-08-01 08:25:34,276 | INFO | [206/206] mine_sonar9_jpg.rf.b7e7154933ddb10f144a7b89327c32a9.jpg | Time: 0.0161 sec | FPS: 61.95
2026-08-01 08:25:34,276 | INFO | --------------------------------------------------------------------------------
2026-08-01 08:25:34,276 | INFO | Inference Finished
2026-08-01 08:25:34,276 | INFO | Processed Images : 206
2026-08-01 08:25:34,276 | INFO | Total Time       : 5.23 sec
2026-08-01 08:25:34,277 | INFO | Average Time     : 0.0254 sec/image
2026-08-01 08:25:34,277 | INFO | Average FPS      : 39.38
2026-08-01 08:25:34,278 | INFO | Peak GPU Memory : 0.49 GB
2026-08-01 08:25:59,699 | INFO | ================================================================================
