2026-08-01 08:28:14,344 | INFO | ================================================================================
2026-08-01 08:28:14,344 | INFO | YOLO + SAM2 Inference Started
2026-08-01 08:28:14,344 | INFO | Images         : /mnt/DATA/EE25M305/Sonar_Vision/Sonar_Dataset/images/test
2026-08-01 08:28:14,344 | INFO | YOLO Weights   : /mnt/DATA/EE25M305/Sonar_Vision/run/train/sonar_yolov11_n/weights/best.pt
2026-08-01 08:28:14,344 | INFO | SAM Config     : sam2.1/sam2.1_hiera_s.yaml
2026-08-01 08:28:14,344 | INFO | SAM Checkpoint : /mnt/DATA/EE25M305/Sonar_Vision/sam2/checkpoints/sam2.1_hiera_small.pt
2026-08-01 08:28:14,344 | INFO | Device         : cuda
2026-08-01 08:28:15,132 | INFO | GPU            : NVIDIA GeForce RTX 2080 Ti
2026-08-01 08:28:15,133 | INFO | CUDA Version   : 13.0
2026-08-01 08:28:16,791 | INFO | Loading SAM2 model...
2026-08-01 08:28:18,356 | INFO | SAM2 model loaded successfully.
2026-08-01 08:28:18,358 | INFO | Total Images : 206
2026-08-01 08:28:18,889 | INFO | [1/206] marine_marine-debris-aris3k-1009.png | Time: 0.5308 sec | FPS: 1.88
2026-08-01 08:28:18,911 | INFO | [2/206] marine_marine-debris-aris3k-1018.png | Time: 0.0225 sec | FPS: 44.38
2026-08-01 08:28:18,994 | INFO | [3/206] marine_marine-debris-aris3k-1043.png | Time: 0.0821 sec | FPS: 12.18
2026-08-01 08:28:19,019 | INFO | [4/206] marine_marine-debris-aris3k-1046.png | Time: 0.0246 sec | FPS: 40.66
2026-08-01 08:28:19,042 | INFO | [5/206] marine_marine-debris-aris3k-1052.png | Time: 0.0234 sec | FPS: 42.71
2026-08-01 08:28:19,063 | INFO | [6/206] marine_marine-debris-aris3k-1056.png | Time: 0.0207 sec | FPS: 48.29
2026-08-01 08:28:19,084 | INFO | [7/206] marine_marine-debris-aris3k-1077.png | Time: 0.0203 sec | FPS: 49.28
2026-08-01 08:28:19,105 | INFO | [8/206] marine_marine-debris-aris3k-1081.png | Time: 0.0212 sec | FPS: 47.16
2026-08-01 08:28:19,127 | INFO | [9/206] marine_marine-debris-aris3k-1084.png | Time: 0.0219 sec | FPS: 45.59
2026-08-01 08:28:19,151 | INFO | [10/206] marine_marine-debris-aris3k-110.png | Time: 0.0237 sec | FPS: 42.16
2026-08-01 08:28:19,174 | INFO | [11/206] marine_marine-debris-aris3k-1114.png | Time: 0.0222 sec | FPS: 45.00
2026-08-01 08:28:19,197 | INFO | [12/206] marine_marine-debris-aris3k-1119.png | Time: 0.0227 sec | FPS: 43.96
2026-08-01 08:28:19,217 | INFO | [13/206] marine_marine-debris-aris3k-1125.png | Time: 0.0203 sec | FPS: 49.29
2026-08-01 08:28:19,239 | INFO | [14/206] marine_marine-debris-aris3k-1129.png | Time: 0.0215 sec | FPS: 46.48
2026-08-01 08:28:19,259 | INFO | [15/206] marine_marine-debris-aris3k-1142.png | Time: 0.0201 sec | FPS: 49.82
2026-08-01 08:28:19,278 | INFO | [16/206] marine_marine-debris-aris3k-1144.png | Time: 0.0186 sec | FPS: 53.86
2026-08-01 08:28:19,296 | INFO | [17/206] marine_marine-debris-aris3k-1158.png | Time: 0.0181 sec | FPS: 55.26
2026-08-01 08:28:19,314 | INFO | [18/206] marine_marine-debris-aris3k-1165.png | Time: 0.0174 sec | FPS: 57.31
2026-08-01 08:28:19,333 | INFO | [19/206] marine_marine-debris-aris3k-1168.png | Time: 0.0190 sec | FPS: 52.56
2026-08-01 08:28:19,355 | INFO | [20/206] marine_marine-debris-aris3k-117.png | Time: 0.0221 sec | FPS: 45.19
2026-08-01 08:28:19,377 | INFO | [21/206] marine_marine-debris-aris3k-1176.png | Time: 0.0210 sec | FPS: 47.55
2026-08-01 08:28:19,400 | INFO | [22/206] marine_marine-debris-aris3k-1183.png | Time: 0.0230 sec | FPS: 43.57
2026-08-01 08:28:19,423 | INFO | [23/206] marine_marine-debris-aris3k-1186.png | Time: 0.0225 sec | FPS: 44.46
2026-08-01 08:28:19,447 | INFO | [24/206] marine_marine-debris-aris3k-12.png | Time: 0.0240 sec | FPS: 41.74
2026-08-01 08:28:19,470 | INFO | [25/206] marine_marine-debris-aris3k-1202.png | Time: 0.0227 sec | FPS: 44.00
2026-08-01 08:28:19,493 | INFO | [26/206] marine_marine-debris-aris3k-1208.png | Time: 0.0233 sec | FPS: 42.94
2026-08-01 08:28:19,517 | INFO | [27/206] marine_marine-debris-aris3k-1227.png | Time: 0.0239 sec | FPS: 41.86
2026-08-01 08:28:19,542 | INFO | [28/206] marine_marine-debris-aris3k-1252.png | Time: 0.0242 sec | FPS: 41.25
2026-08-01 08:28:19,564 | INFO | [29/206] marine_marine-debris-aris3k-1254.png | Time: 0.0213 sec | FPS: 46.88
2026-08-01 08:28:19,587 | INFO | [30/206] marine_marine-debris-aris3k-1260.png | Time: 0.0232 sec | FPS: 43.17
2026-08-01 08:28:19,610 | INFO | [31/206] marine_marine-debris-aris3k-128.png | Time: 0.0225 sec | FPS: 44.53
2026-08-01 08:28:19,634 | INFO | [32/206] marine_marine-debris-aris3k-1284.png | Time: 0.0235 sec | FPS: 42.64
2026-08-01 08:28:19,658 | INFO | [33/206] marine_marine-debris-aris3k-1291.png | Time: 0.0240 sec | FPS: 41.68
2026-08-01 08:28:19,681 | INFO | [34/206] marine_marine-debris-aris3k-1292.png | Time: 0.0224 sec | FPS: 44.66
2026-08-01 08:28:19,704 | INFO | [35/206] marine_marine-debris-aris3k-1298.png | Time: 0.0233 sec | FPS: 42.95
2026-08-01 08:28:19,727 | INFO | [36/206] marine_marine-debris-aris3k-1299.png | Time: 0.0225 sec | FPS: 44.52
2026-08-01 08:28:19,749 | INFO | [37/206] marine_marine-debris-aris3k-1312.png | Time: 0.0218 sec | FPS: 45.81
2026-08-01 08:28:19,772 | INFO | [38/206] marine_marine-debris-aris3k-1351.png | Time: 0.0227 sec | FPS: 44.04
2026-08-01 08:28:19,796 | INFO | [39/206] marine_marine-debris-aris3k-1364.png | Time: 0.0240 sec | FPS: 41.66
2026-08-01 08:28:19,823 | INFO | [40/206] marine_marine-debris-aris3k-1384.png | Time: 0.0260 sec | FPS: 38.39
2026-08-01 08:28:19,846 | INFO | [41/206] marine_marine-debris-aris3k-1387.png | Time: 0.0233 sec | FPS: 42.90
2026-08-01 08:28:19,868 | INFO | [42/206] marine_marine-debris-aris3k-139.png | Time: 0.0221 sec | FPS: 45.29
2026-08-01 08:28:19,895 | INFO | [43/206] marine_marine-debris-aris3k-1394.png | Time: 0.0262 sec | FPS: 38.11
2026-08-01 08:28:19,919 | INFO | [44/206] marine_marine-debris-aris3k-140.png | Time: 0.0233 sec | FPS: 42.91
2026-08-01 08:28:19,945 | INFO | [45/206] marine_marine-debris-aris3k-1401.png | Time: 0.0258 sec | FPS: 38.75
2026-08-01 08:28:19,969 | INFO | [46/206] marine_marine-debris-aris3k-1403.png | Time: 0.0238 sec | FPS: 41.93
2026-08-01 08:28:19,994 | INFO | [47/206] marine_marine-debris-aris3k-1409.png | Time: 0.0249 sec | FPS: 40.13
2026-08-01 08:28:20,018 | INFO | [48/206] marine_marine-debris-aris3k-1417.png | Time: 0.0232 sec | FPS: 43.11
2026-08-01 08:28:20,041 | INFO | [49/206] marine_marine-debris-aris3k-142.png | Time: 0.0236 sec | FPS: 42.44
2026-08-01 08:28:20,063 | INFO | [50/206] marine_marine-debris-aris3k-1426.png | Time: 0.0213 sec | FPS: 47.05
2026-08-01 08:28:20,083 | INFO | [51/206] marine_marine-debris-aris3k-1449.png | Time: 0.0200 sec | FPS: 49.94
2026-08-01 08:28:20,103 | INFO | [52/206] marine_marine-debris-aris3k-1452.png | Time: 0.0192 sec | FPS: 52.16
2026-08-01 08:28:20,123 | INFO | [53/206] marine_marine-debris-aris3k-1460.png | Time: 0.0205 sec | FPS: 48.69
2026-08-01 08:28:20,143 | INFO | [54/206] marine_marine-debris-aris3k-1482.png | Time: 0.0197 sec | FPS: 50.76
2026-08-01 08:28:20,164 | INFO | [55/206] marine_marine-debris-aris3k-1485.png | Time: 0.0210 sec | FPS: 47.63
2026-08-01 08:28:20,183 | INFO | [56/206] marine_marine-debris-aris3k-1486.png | Time: 0.0183 sec | FPS: 54.65
2026-08-01 08:28:20,205 | INFO | [57/206] marine_marine-debris-aris3k-149.png | Time: 0.0217 sec | FPS: 46.10
2026-08-01 08:28:20,224 | INFO | [58/206] marine_marine-debris-aris3k-1491.png | Time: 0.0190 sec | FPS: 52.70
2026-08-01 08:28:20,242 | INFO | [59/206] marine_marine-debris-aris3k-1495.png | Time: 0.0174 sec | FPS: 57.56
2026-08-01 08:28:20,263 | INFO | [60/206] marine_marine-debris-aris3k-1504.png | Time: 0.0209 sec | FPS: 47.87
2026-08-01 08:28:20,281 | INFO | [61/206] marine_marine-debris-aris3k-151.png | Time: 0.0178 sec | FPS: 56.33
2026-08-01 08:28:20,299 | INFO | [62/206] marine_marine-debris-aris3k-1530.png | Time: 0.0183 sec | FPS: 54.72
2026-08-01 08:28:20,321 | INFO | [63/206] marine_marine-debris-aris3k-1538.png | Time: 0.0212 sec | FPS: 47.21
2026-08-01 08:28:20,342 | INFO | [64/206] marine_marine-debris-aris3k-1578.png | Time: 0.0211 sec | FPS: 47.42
2026-08-01 08:28:20,360 | INFO | [65/206] marine_marine-debris-aris3k-158.png | Time: 0.0178 sec | FPS: 56.23
2026-08-01 08:28:20,379 | INFO | [66/206] marine_marine-debris-aris3k-1596.png | Time: 0.0188 sec | FPS: 53.14
2026-08-01 08:28:20,398 | INFO | [67/206] marine_marine-debris-aris3k-1618.png | Time: 0.0186 sec | FPS: 53.70
2026-08-01 08:28:20,421 | INFO | [68/206] marine_marine-debris-aris3k-1624.png | Time: 0.0228 sec | FPS: 43.77
2026-08-01 08:28:20,444 | INFO | [69/206] marine_marine-debris-aris3k-1631.png | Time: 0.0228 sec | FPS: 43.81
2026-08-01 08:28:20,475 | INFO | [70/206] marine_marine-debris-aris3k-1652.png | Time: 0.0312 sec | FPS: 32.07
2026-08-01 08:28:20,506 | INFO | [71/206] marine_marine-debris-aris3k-166.png | Time: 0.0301 sec | FPS: 33.24
2026-08-01 08:28:20,539 | INFO | [72/206] marine_marine-debris-aris3k-1664.png | Time: 0.0333 sec | FPS: 30.06
2026-08-01 08:28:20,563 | INFO | [73/206] marine_marine-debris-aris3k-1665.png | Time: 0.0237 sec | FPS: 42.17
2026-08-01 08:28:20,589 | INFO | [74/206] marine_marine-debris-aris3k-1670.png | Time: 0.0248 sec | FPS: 40.34
2026-08-01 08:28:20,616 | INFO | [75/206] marine_marine-debris-aris3k-1680.png | Time: 0.0271 sec | FPS: 36.86
2026-08-01 08:28:20,642 | INFO | [76/206] marine_marine-debris-aris3k-1696.png | Time: 0.0259 sec | FPS: 38.67
2026-08-01 08:28:20,670 | INFO | [77/206] marine_marine-debris-aris3k-1698.png | Time: 0.0279 sec | FPS: 35.85
2026-08-01 08:28:20,696 | INFO | [78/206] marine_marine-debris-aris3k-1699.png | Time: 0.0254 sec | FPS: 39.42
2026-08-01 08:28:20,721 | INFO | [79/206] marine_marine-debris-aris3k-1700.png | Time: 0.0249 sec | FPS: 40.12
2026-08-01 08:28:20,750 | INFO | [80/206] marine_marine-debris-aris3k-1707.png | Time: 0.0290 sec | FPS: 34.54
2026-08-01 08:28:20,779 | INFO | [81/206] marine_marine-debris-aris3k-1727.png | Time: 0.0279 sec | FPS: 35.85
2026-08-01 08:28:20,803 | INFO | [82/206] marine_marine-debris-aris3k-1733.png | Time: 0.0246 sec | FPS: 40.70
2026-08-01 08:28:20,828 | INFO | [83/206] marine_marine-debris-aris3k-1737.png | Time: 0.0248 sec | FPS: 40.36
2026-08-01 08:28:20,854 | INFO | [84/206] marine_marine-debris-aris3k-1771.png | Time: 0.0249 sec | FPS: 40.20
2026-08-01 08:28:20,881 | INFO | [85/206] marine_marine-debris-aris3k-1776.png | Time: 0.0271 sec | FPS: 36.96
2026-08-01 08:28:20,908 | INFO | [86/206] marine_marine-debris-aris3k-1777.png | Time: 0.0266 sec | FPS: 37.55
2026-08-01 08:28:20,933 | INFO | [87/206] marine_marine-debris-aris3k-1788.png | Time: 0.0250 sec | FPS: 40.02
2026-08-01 08:28:20,957 | INFO | [88/206] marine_marine-debris-aris3k-1825.png | Time: 0.0235 sec | FPS: 42.50
2026-08-01 08:28:20,987 | INFO | [89/206] marine_marine-debris-aris3k-1833.png | Time: 0.0301 sec | FPS: 33.27
2026-08-01 08:28:21,012 | INFO | [90/206] marine_marine-debris-aris3k-1843.png | Time: 0.0248 sec | FPS: 40.26
2026-08-01 08:28:21,032 | INFO | [91/206] marine_marine-debris-aris3k-1844.png | Time: 0.0192 sec | FPS: 52.15
2026-08-01 08:28:21,055 | INFO | [92/206] marine_marine-debris-aris3k-185.png | Time: 0.0230 sec | FPS: 43.47
2026-08-01 08:28:21,081 | INFO | [93/206] marine_marine-debris-aris3k-1860.png | Time: 0.0259 sec | FPS: 38.63
2026-08-01 08:28:21,104 | INFO | [94/206] marine_marine-debris-aris3k-226.png | Time: 0.0227 sec | FPS: 44.03
2026-08-01 08:28:21,128 | INFO | [95/206] marine_marine-debris-aris3k-237.png | Time: 0.0235 sec | FPS: 42.55
2026-08-01 08:28:21,151 | INFO | [96/206] marine_marine-debris-aris3k-248.png | Time: 0.0222 sec | FPS: 44.95
2026-08-01 08:28:21,176 | INFO | [97/206] marine_marine-debris-aris3k-256.png | Time: 0.0246 sec | FPS: 40.62
2026-08-01 08:28:21,205 | INFO | [98/206] marine_marine-debris-aris3k-292.png | Time: 0.0288 sec | FPS: 34.67
2026-08-01 08:28:21,226 | INFO | [99/206] marine_marine-debris-aris3k-300.png | Time: 0.0212 sec | FPS: 47.27
2026-08-01 08:28:21,247 | INFO | [100/206] marine_marine-debris-aris3k-305.png | Time: 0.0201 sec | FPS: 49.82
2026-08-01 08:28:21,271 | INFO | [101/206] marine_marine-debris-aris3k-306.png | Time: 0.0235 sec | FPS: 42.52
2026-08-01 08:28:21,293 | INFO | [102/206] marine_marine-debris-aris3k-31.png | Time: 0.0218 sec | FPS: 45.84
2026-08-01 08:28:21,315 | INFO | [103/206] marine_marine-debris-aris3k-321.png | Time: 0.0218 sec | FPS: 45.79
2026-08-01 08:28:21,339 | INFO | [104/206] marine_marine-debris-aris3k-334.png | Time: 0.0238 sec | FPS: 42.03
2026-08-01 08:28:21,360 | INFO | [105/206] marine_marine-debris-aris3k-337.png | Time: 0.0205 sec | FPS: 48.87
2026-08-01 08:28:21,381 | INFO | [106/206] marine_marine-debris-aris3k-343.png | Time: 0.0209 sec | FPS: 47.76
2026-08-01 08:28:21,401 | INFO | [107/206] marine_marine-debris-aris3k-351.png | Time: 0.0197 sec | FPS: 50.70
2026-08-01 08:28:21,419 | INFO | [108/206] marine_marine-debris-aris3k-362.png | Time: 0.0179 sec | FPS: 55.84
2026-08-01 08:28:21,436 | INFO | [109/206] marine_marine-debris-aris3k-381.png | Time: 0.0173 sec | FPS: 57.93
2026-08-01 08:28:21,453 | INFO | [110/206] marine_marine-debris-aris3k-393.png | Time: 0.0164 sec | FPS: 60.87
2026-08-01 08:28:21,469 | INFO | [111/206] marine_marine-debris-aris3k-395.png | Time: 0.0163 sec | FPS: 61.39
2026-08-01 08:28:21,487 | INFO | [112/206] marine_marine-debris-aris3k-402.png | Time: 0.0175 sec | FPS: 57.03
2026-08-01 08:28:21,506 | INFO | [113/206] marine_marine-debris-aris3k-405.png | Time: 0.0189 sec | FPS: 52.97
2026-08-01 08:28:21,524 | INFO | [114/206] marine_marine-debris-aris3k-415.png | Time: 0.0177 sec | FPS: 56.54
2026-08-01 08:28:21,540 | INFO | [115/206] marine_marine-debris-aris3k-416.png | Time: 0.0165 sec | FPS: 60.60
2026-08-01 08:28:21,558 | INFO | [116/206] marine_marine-debris-aris3k-426.png | Time: 0.0173 sec | FPS: 57.84
2026-08-01 08:28:21,580 | INFO | [117/206] marine_marine-debris-aris3k-43.png | Time: 0.0226 sec | FPS: 44.22
2026-08-01 08:28:21,604 | INFO | [118/206] marine_marine-debris-aris3k-44.png | Time: 0.0236 sec | FPS: 42.40
2026-08-01 08:28:21,626 | INFO | [119/206] marine_marine-debris-aris3k-457.png | Time: 0.0217 sec | FPS: 46.05
2026-08-01 08:28:21,648 | INFO | [120/206] marine_marine-debris-aris3k-474.png | Time: 0.0211 sec | FPS: 47.41
2026-08-01 08:28:21,671 | INFO | [121/206] marine_marine-debris-aris3k-476.png | Time: 0.0226 sec | FPS: 44.22
2026-08-01 08:28:21,692 | INFO | [122/206] marine_marine-debris-aris3k-488.png | Time: 0.0210 sec | FPS: 47.63
2026-08-01 08:28:21,714 | INFO | [123/206] marine_marine-debris-aris3k-489.png | Time: 0.0221 sec | FPS: 45.29
2026-08-01 08:28:21,736 | INFO | [124/206] marine_marine-debris-aris3k-496.png | Time: 0.0210 sec | FPS: 47.56
2026-08-01 08:28:21,758 | INFO | [125/206] marine_marine-debris-aris3k-497.png | Time: 0.0223 sec | FPS: 44.76
2026-08-01 08:28:21,780 | INFO | [126/206] marine_marine-debris-aris3k-501.png | Time: 0.0214 sec | FPS: 46.63
2026-08-01 08:28:21,803 | INFO | [127/206] marine_marine-debris-aris3k-511.png | Time: 0.0226 sec | FPS: 44.32
2026-08-01 08:28:21,824 | INFO | [128/206] marine_marine-debris-aris3k-514.png | Time: 0.0212 sec | FPS: 47.20
2026-08-01 08:28:21,845 | INFO | [129/206] marine_marine-debris-aris3k-525.png | Time: 0.0204 sec | FPS: 49.08
2026-08-01 08:28:21,868 | INFO | [130/206] marine_marine-debris-aris3k-536.png | Time: 0.0225 sec | FPS: 44.40
2026-08-01 08:28:21,890 | INFO | [131/206] marine_marine-debris-aris3k-552.png | Time: 0.0218 sec | FPS: 45.94
2026-08-01 08:28:21,911 | INFO | [132/206] marine_marine-debris-aris3k-564.png | Time: 0.0206 sec | FPS: 48.57
2026-08-01 08:28:21,933 | INFO | [133/206] marine_marine-debris-aris3k-571.png | Time: 0.0218 sec | FPS: 45.82
2026-08-01 08:28:21,955 | INFO | [134/206] marine_marine-debris-aris3k-574.png | Time: 0.0223 sec | FPS: 44.81
2026-08-01 08:28:21,977 | INFO | [135/206] marine_marine-debris-aris3k-577.png | Time: 0.0213 sec | FPS: 46.98
2026-08-01 08:28:21,999 | INFO | [136/206] marine_marine-debris-aris3k-58.png | Time: 0.0219 sec | FPS: 45.73
2026-08-01 08:28:22,024 | INFO | [137/206] marine_marine-debris-aris3k-586.png | Time: 0.0250 sec | FPS: 39.94
2026-08-01 08:28:22,045 | INFO | [138/206] marine_marine-debris-aris3k-603.png | Time: 0.0210 sec | FPS: 47.69
2026-08-01 08:28:22,067 | INFO | [139/206] marine_marine-debris-aris3k-61.png | Time: 0.0207 sec | FPS: 48.25
2026-08-01 08:28:22,088 | INFO | [140/206] marine_marine-debris-aris3k-610.png | Time: 0.0211 sec | FPS: 47.50
2026-08-01 08:28:22,108 | INFO | [141/206] marine_marine-debris-aris3k-615.png | Time: 0.0202 sec | FPS: 49.48
2026-08-01 08:28:22,127 | INFO | [142/206] marine_marine-debris-aris3k-637.png | Time: 0.0183 sec | FPS: 54.68
2026-08-01 08:28:22,147 | INFO | [143/206] marine_marine-debris-aris3k-640.png | Time: 0.0198 sec | FPS: 50.56
2026-08-01 08:28:22,168 | INFO | [144/206] marine_marine-debris-aris3k-646.png | Time: 0.0203 sec | FPS: 49.26
2026-08-01 08:28:22,189 | INFO | [145/206] marine_marine-debris-aris3k-661.png | Time: 0.0217 sec | FPS: 46.16
2026-08-01 08:28:22,215 | INFO | [146/206] marine_marine-debris-aris3k-662.png | Time: 0.0253 sec | FPS: 39.56
2026-08-01 08:28:22,243 | INFO | [147/206] marine_marine-debris-aris3k-675.png | Time: 0.0277 sec | FPS: 36.10
2026-08-01 08:28:22,266 | INFO | [148/206] marine_marine-debris-aris3k-682.png | Time: 0.0225 sec | FPS: 44.48
2026-08-01 08:28:22,292 | INFO | [149/206] marine_marine-debris-aris3k-684.png | Time: 0.0256 sec | FPS: 39.04
2026-08-01 08:28:22,318 | INFO | [150/206] marine_marine-debris-aris3k-690.png | Time: 0.0255 sec | FPS: 39.20
2026-08-01 08:28:22,340 | INFO | [151/206] marine_marine-debris-aris3k-694.png | Time: 0.0221 sec | FPS: 45.17
2026-08-01 08:28:22,362 | INFO | [152/206] marine_marine-debris-aris3k-700.png | Time: 0.0217 sec | FPS: 46.12
2026-08-01 08:28:22,385 | INFO | [153/206] marine_marine-debris-aris3k-71.png | Time: 0.0227 sec | FPS: 44.03
2026-08-01 08:28:22,407 | INFO | [154/206] marine_marine-debris-aris3k-716.png | Time: 0.0213 sec | FPS: 46.85
2026-08-01 08:28:22,429 | INFO | [155/206] marine_marine-debris-aris3k-724.png | Time: 0.0223 sec | FPS: 44.89
2026-08-01 08:28:22,455 | INFO | [156/206] marine_marine-debris-aris3k-733.png | Time: 0.0262 sec | FPS: 38.18
2026-08-01 08:28:22,478 | INFO | [157/206] marine_marine-debris-aris3k-734.png | Time: 0.0222 sec | FPS: 45.03
2026-08-01 08:28:22,499 | INFO | [158/206] marine_marine-debris-aris3k-742.png | Time: 0.0211 sec | FPS: 47.35
2026-08-01 08:28:22,521 | INFO | [159/206] marine_marine-debris-aris3k-748.png | Time: 0.0212 sec | FPS: 47.06
2026-08-01 08:28:22,542 | INFO | [160/206] marine_marine-debris-aris3k-778.png | Time: 0.0208 sec | FPS: 48.08
2026-08-01 08:28:22,563 | INFO | [161/206] marine_marine-debris-aris3k-800.png | Time: 0.0208 sec | FPS: 47.99
2026-08-01 08:28:22,586 | INFO | [162/206] marine_marine-debris-aris3k-802.png | Time: 0.0228 sec | FPS: 43.94
2026-08-01 08:28:22,607 | INFO | [163/206] marine_marine-debris-aris3k-804.png | Time: 0.0207 sec | FPS: 48.32
2026-08-01 08:28:22,631 | INFO | [164/206] marine_marine-debris-aris3k-809.png | Time: 0.0236 sec | FPS: 42.37
2026-08-01 08:28:22,654 | INFO | [165/206] marine_marine-debris-aris3k-832.png | Time: 0.0228 sec | FPS: 43.95
2026-08-01 08:28:22,676 | INFO | [166/206] marine_marine-debris-aris3k-846.png | Time: 0.0219 sec | FPS: 45.59
2026-08-01 08:28:22,705 | INFO | [167/206] marine_marine-debris-aris3k-847.png | Time: 0.0284 sec | FPS: 35.21
2026-08-01 08:28:22,730 | INFO | [168/206] marine_marine-debris-aris3k-855.png | Time: 0.0243 sec | FPS: 41.18
2026-08-01 08:28:22,753 | INFO | [169/206] marine_marine-debris-aris3k-871.png | Time: 0.0234 sec | FPS: 42.67
2026-08-01 08:28:22,776 | INFO | [170/206] marine_marine-debris-aris3k-88.png | Time: 0.0225 sec | FPS: 44.41
2026-08-01 08:28:22,801 | INFO | [171/206] marine_marine-debris-aris3k-893.png | Time: 0.0243 sec | FPS: 41.10
2026-08-01 08:28:22,825 | INFO | [172/206] marine_marine-debris-aris3k-894.png | Time: 0.0235 sec | FPS: 42.47
2026-08-01 08:28:22,850 | INFO | [173/206] marine_marine-debris-aris3k-905.png | Time: 0.0255 sec | FPS: 39.24
2026-08-01 08:28:22,873 | INFO | [174/206] marine_marine-debris-aris3k-909.png | Time: 0.0225 sec | FPS: 44.46
2026-08-01 08:28:22,892 | INFO | [175/206] marine_marine-debris-aris3k-914.png | Time: 0.0186 sec | FPS: 53.80
2026-08-01 08:28:22,914 | INFO | [176/206] marine_marine-debris-aris3k-92.png | Time: 0.0214 sec | FPS: 46.65
2026-08-01 08:28:22,934 | INFO | [177/206] marine_marine-debris-aris3k-951.png | Time: 0.0203 sec | FPS: 49.25
2026-08-01 08:28:22,954 | INFO | [178/206] marine_marine-debris-aris3k-958.png | Time: 0.0199 sec | FPS: 50.30
2026-08-01 08:28:22,973 | INFO | [179/206] marine_marine-debris-aris3k-962.png | Time: 0.0181 sec | FPS: 55.36
2026-08-01 08:28:22,990 | INFO | [180/206] marine_marine-debris-aris3k-967.png | Time: 0.0173 sec | FPS: 57.82
2026-08-01 08:28:23,010 | INFO | [181/206] marine_marine-debris-aris3k-976.png | Time: 0.0196 sec | FPS: 51.00
2026-08-01 08:28:23,033 | INFO | [182/206] marine_marine-debris-aris3k-98.png | Time: 0.0230 sec | FPS: 43.56
2026-08-01 08:28:23,052 | INFO | [183/206] marine_marine-debris-aris3k-983.png | Time: 0.0192 sec | FPS: 52.18
2026-08-01 08:28:23,075 | INFO | [184/206] marine_marine-debris-aris3k-984.png | Time: 0.0219 sec | FPS: 45.59
2026-08-01 08:28:23,096 | INFO | [185/206] marine_marine-debris-aris3k-987.png | Time: 0.0217 sec | FPS: 46.08
2026-08-01 08:28:23,121 | INFO | [186/206] marine_marine-debris-aris3k-990.png | Time: 0.0242 sec | FPS: 41.35
2026-08-01 08:28:23,143 | INFO | [187/206] marine_marine-debris-aris3k-992.png | Time: 0.0222 sec | FPS: 45.00
2026-08-01 08:28:23,164 | INFO | [188/206] marine_marine-debris-aris3k-994.png | Time: 0.0207 sec | FPS: 48.19
2026-08-01 08:28:23,238 | INFO | [189/206] mine_sonar83_jpg.rf.d7d3ede15a0476a8184ccc9f645b5955.jpg | Time: 0.0730 sec | FPS: 13.70
2026-08-01 08:28:23,257 | INFO | [190/206] mine_sonar84_jpg.rf.c868661cca1c14bb308bd928c1d1e54e.jpg | Time: 0.0188 sec | FPS: 53.30
2026-08-01 08:28:23,276 | INFO | [191/206] mine_sonar85_jpg.rf.3192057ce4556f7bc56671317c50431d.jpg | Time: 0.0190 sec | FPS: 52.54
2026-08-01 08:28:23,291 | INFO | [192/206] mine_sonar86_jpg.rf.a7bc6bc21f73e1636afa72a097c8878d.jpg | Time: 0.0148 sec | FPS: 67.69
2026-08-01 08:28:23,306 | INFO | [193/206] mine_sonar87_jpg.rf.2275a8c6356a68f2cd026074fab0fbf9.jpg | Time: 0.0144 sec | FPS: 69.31
2026-08-01 08:28:23,323 | INFO | [194/206] mine_sonar88_jpg.rf.cedf05cfbba72b9bd38de6d126bbbe76.jpg | Time: 0.0171 sec | FPS: 58.59
2026-08-01 08:28:23,339 | INFO | [195/206] mine_sonar89_jpg.rf.54de267b1dd46896035a8017f896e8c9.jpg | Time: 0.0157 sec | FPS: 63.68
2026-08-01 08:28:23,355 | INFO | [196/206] mine_sonar8_jpg.rf.3efb1cf5aba7c2cefc21f1cab852b8ce.jpg | Time: 0.0155 sec | FPS: 64.44
2026-08-01 08:28:23,370 | INFO | [197/206] mine_sonar90_jpg.rf.6dc9e1afcd5f9914f03fdbac8afbbab0.jpg | Time: 0.0149 sec | FPS: 66.92
2026-08-01 08:28:23,383 | INFO | [198/206] mine_sonar91_jpg.rf.1cc5cf29d0846c05146afe5260759ec2.jpg | Time: 0.0129 sec | FPS: 77.77
2026-08-01 08:28:23,396 | INFO | [199/206] mine_sonar92_jpg.rf.20b9433b2d27be0a4842ef5b43d31013.jpg | Time: 0.0128 sec | FPS: 78.11
2026-08-01 08:28:23,409 | INFO | [200/206] mine_sonar94_jpg.rf.1b9070f4aa154d16825d53bd356771b1.jpg | Time: 0.0128 sec | FPS: 78.39
2026-08-01 08:28:23,422 | INFO | [201/206] mine_sonar95_jpg.rf.dc9cc7c34485f915bda19b029373de01.jpg | Time: 0.0130 sec | FPS: 77.08
2026-08-01 08:28:23,436 | INFO | [202/206] mine_sonar96_jpg.rf.a271f0c8428cb264f56e1a25e0c3a91b.jpg | Time: 0.0134 sec | FPS: 74.57
2026-08-01 08:28:23,449 | INFO | [203/206] mine_sonar97_jpg.rf.0af6e66998559e85188360e72524e548.jpg | Time: 0.0127 sec | FPS: 78.80
2026-08-01 08:28:23,461 | INFO | [204/206] mine_sonar98_jpg.rf.f96a3b6a5a2599496693839f96359cc9.jpg | Time: 0.0125 sec | FPS: 79.81
2026-08-01 08:28:23,474 | INFO | [205/206] mine_sonar99_jpg.rf.42ba912455226b1328983b8a958a69d9.jpg | Time: 0.0127 sec | FPS: 78.83
2026-08-01 08:28:23,489 | INFO | [206/206] mine_sonar9_jpg.rf.b7e7154933ddb10f144a7b89327c32a9.jpg | Time: 0.0149 sec | FPS: 66.94
2026-08-01 08:28:23,489 | INFO | --------------------------------------------------------------------------------
2026-08-01 08:28:23,489 | INFO | Inference Finished
2026-08-01 08:28:23,489 | INFO | Processed Images : 206
2026-08-01 08:28:23,490 | INFO | Total Time       : 5.08 sec
2026-08-01 08:28:23,490 | INFO | Average Time     : 0.0247 sec/image
2026-08-01 08:28:23,490 | INFO | Average FPS      : 40.56
2026-08-01 08:28:23,490 | INFO | Peak GPU Memory : 0.37 GB
2026-08-01 08:28:48,871 | INFO | ================================================================================
