2026-08-01 07:51:15 | INFO | === YOLOv11 Inference Run: yolov11_s ===
2026-08-01 07:51:15 | INFO | Weights: /mnt/DATA/EE25M305/Sonar_Vision/run/train/sonar_yolov11_s/weights/best.pt
2026-08-01 07:51:15 | INFO | Source images: /mnt/DATA/EE25M305/Sonar_Vision/Sonar_Dataset/images/test
2026-08-01 07:51:15 | INFO | conf=0.25  iou=0.45  imgsz=640  device='0,1,2'  workers=24
2026-08-01 07:51:16 | INFO | Model loaded. Classes: {0: 'mine', 1: 'can', 2: 'bottle', 3: 'drink-carton', 4: 'chain', 5: 'propeller', 6: 'tire', 7: 'hook', 8: 'valve', 9: 'shampoo-bottle', 10: 'standing-bottle'}
2026-08-01 07:51:16 | INFO | Running validation on split='test' using /mnt/DATA/EE25M305/Sonar_Vision/Sonar_Dataset/data.yaml for P/R/mAP ...
2026-08-01 07:51:24 | INFO | Validation complete. Overall: {'precision': 0.9766, 'recall': 0.9896, 'map50': 0.983, 'map5095': 0.763}
2026-08-01 07:51:24 | INFO | Found 206 test images.
2026-08-01 07:51:24 | INFO | [1/206] marine_marine-debris-aris3k-1009.png -> 1 detection(s) | 87.3 ms | 11.5 FPS
2026-08-01 07:51:24 | INFO | [2/206] marine_marine-debris-aris3k-1018.png -> 1 detection(s) | 11.8 ms | 84.6 FPS
2026-08-01 07:51:24 | INFO | [3/206] marine_marine-debris-aris3k-1043.png -> 1 detection(s) | 70.5 ms | 14.2 FPS
2026-08-01 07:51:24 | INFO | [4/206] marine_marine-debris-aris3k-1046.png -> 1 detection(s) | 13.3 ms | 75.1 FPS
2026-08-01 07:51:24 | INFO | [5/206] marine_marine-debris-aris3k-1052.png -> 1 detection(s) | 12.9 ms | 77.7 FPS
2026-08-01 07:51:24 | INFO | [6/206] marine_marine-debris-aris3k-1056.png -> 2 detection(s) | 18.0 ms | 55.5 FPS
2026-08-01 07:51:24 | INFO | [7/206] marine_marine-debris-aris3k-1077.png -> 1 detection(s) | 19.2 ms | 52.0 FPS
2026-08-01 07:51:24 | INFO | [8/206] marine_marine-debris-aris3k-1081.png -> 2 detection(s) | 13.6 ms | 73.5 FPS
2026-08-01 07:51:24 | INFO | [9/206] marine_marine-debris-aris3k-1084.png -> 1 detection(s) | 13.9 ms | 72.0 FPS
2026-08-01 07:51:24 | INFO | [10/206] marine_marine-debris-aris3k-110.png -> 1 detection(s) | 14.2 ms | 70.2 FPS
2026-08-01 07:51:24 | INFO | [11/206] marine_marine-debris-aris3k-1114.png -> 1 detection(s) | 14.1 ms | 71.2 FPS
2026-08-01 07:51:25 | INFO | [12/206] marine_marine-debris-aris3k-1119.png -> 1 detection(s) | 15.2 ms | 65.8 FPS
2026-08-01 07:51:25 | INFO | [13/206] marine_marine-debris-aris3k-1125.png -> 2 detection(s) | 13.7 ms | 73.1 FPS
2026-08-01 07:51:25 | INFO | [14/206] marine_marine-debris-aris3k-1129.png -> 1 detection(s) | 13.3 ms | 75.4 FPS
2026-08-01 07:51:25 | INFO | [15/206] marine_marine-debris-aris3k-1142.png -> 1 detection(s) | 13.7 ms | 72.8 FPS
2026-08-01 07:51:25 | INFO | [16/206] marine_marine-debris-aris3k-1144.png -> 1 detection(s) | 13.9 ms | 71.8 FPS
2026-08-01 07:51:25 | INFO | [17/206] marine_marine-debris-aris3k-1158.png -> 1 detection(s) | 15.0 ms | 66.5 FPS
2026-08-01 07:51:25 | INFO | [18/206] marine_marine-debris-aris3k-1165.png -> 1 detection(s) | 15.0 ms | 66.8 FPS
2026-08-01 07:51:25 | INFO | [19/206] marine_marine-debris-aris3k-1168.png -> 1 detection(s) | 15.7 ms | 63.6 FPS
2026-08-01 07:51:25 | INFO | [20/206] marine_marine-debris-aris3k-117.png -> 1 detection(s) | 14.2 ms | 70.6 FPS
2026-08-01 07:51:25 | INFO | [21/206] marine_marine-debris-aris3k-1176.png -> 3 detection(s) | 15.0 ms | 66.7 FPS
2026-08-01 07:51:25 | INFO | [22/206] marine_marine-debris-aris3k-1183.png -> 1 detection(s) | 14.3 ms | 69.9 FPS
2026-08-01 07:51:25 | INFO | [23/206] marine_marine-debris-aris3k-1186.png -> 1 detection(s) | 12.6 ms | 79.7 FPS
2026-08-01 07:51:25 | INFO | [24/206] marine_marine-debris-aris3k-12.png -> 1 detection(s) | 13.8 ms | 72.7 FPS
2026-08-01 07:51:25 | INFO | [25/206] marine_marine-debris-aris3k-1202.png -> 1 detection(s) | 14.0 ms | 71.3 FPS
2026-08-01 07:51:25 | INFO | [26/206] marine_marine-debris-aris3k-1208.png -> 2 detection(s) | 14.1 ms | 70.7 FPS
2026-08-01 07:51:25 | INFO | [27/206] marine_marine-debris-aris3k-1227.png -> 2 detection(s) | 14.0 ms | 71.3 FPS
2026-08-01 07:51:25 | INFO | [28/206] marine_marine-debris-aris3k-1252.png -> 1 detection(s) | 12.3 ms | 81.1 FPS
2026-08-01 07:51:25 | INFO | [29/206] marine_marine-debris-aris3k-1254.png -> 2 detection(s) | 12.4 ms | 80.6 FPS
2026-08-01 07:51:25 | INFO | [30/206] marine_marine-debris-aris3k-1260.png -> 1 detection(s) | 13.3 ms | 74.9 FPS
2026-08-01 07:51:25 | INFO | [31/206] marine_marine-debris-aris3k-128.png -> 1 detection(s) | 13.7 ms | 73.1 FPS
2026-08-01 07:51:25 | INFO | [32/206] marine_marine-debris-aris3k-1284.png -> 2 detection(s) | 13.4 ms | 74.7 FPS
2026-08-01 07:51:25 | INFO | [33/206] marine_marine-debris-aris3k-1291.png -> 1 detection(s) | 14.1 ms | 70.7 FPS
2026-08-01 07:51:25 | INFO | [34/206] marine_marine-debris-aris3k-1292.png -> 1 detection(s) | 12.9 ms | 77.7 FPS
2026-08-01 07:51:25 | INFO | [35/206] marine_marine-debris-aris3k-1298.png -> 1 detection(s) | 13.2 ms | 75.6 FPS
2026-08-01 07:51:25 | INFO | [36/206] marine_marine-debris-aris3k-1299.png -> 2 detection(s) | 13.1 ms | 76.3 FPS
2026-08-01 07:51:25 | INFO | [37/206] marine_marine-debris-aris3k-1312.png -> 1 detection(s) | 11.9 ms | 84.4 FPS
2026-08-01 07:51:25 | INFO | [38/206] marine_marine-debris-aris3k-1351.png -> 2 detection(s) | 12.4 ms | 80.9 FPS
2026-08-01 07:51:25 | INFO | [39/206] marine_marine-debris-aris3k-1364.png -> 1 detection(s) | 14.3 ms | 69.9 FPS
2026-08-01 07:51:25 | INFO | [40/206] marine_marine-debris-aris3k-1384.png -> 1 detection(s) | 13.6 ms | 73.6 FPS
2026-08-01 07:51:25 | INFO | [41/206] marine_marine-debris-aris3k-1387.png -> 1 detection(s) | 12.8 ms | 77.9 FPS
2026-08-01 07:51:25 | INFO | [42/206] marine_marine-debris-aris3k-139.png -> 2 detection(s) | 13.2 ms | 75.7 FPS
2026-08-01 07:51:25 | INFO | [43/206] marine_marine-debris-aris3k-1394.png -> 2 detection(s) | 14.1 ms | 71.0 FPS
2026-08-01 07:51:25 | INFO | [44/206] marine_marine-debris-aris3k-140.png -> 2 detection(s) | 13.7 ms | 73.1 FPS
2026-08-01 07:51:25 | INFO | [45/206] marine_marine-debris-aris3k-1401.png -> 2 detection(s) | 13.2 ms | 75.7 FPS
2026-08-01 07:51:26 | INFO | [46/206] marine_marine-debris-aris3k-1403.png -> 2 detection(s) | 13.1 ms | 76.2 FPS
2026-08-01 07:51:26 | INFO | [47/206] marine_marine-debris-aris3k-1409.png -> 1 detection(s) | 13.7 ms | 72.9 FPS
2026-08-01 07:51:26 | INFO | [48/206] marine_marine-debris-aris3k-1417.png -> 1 detection(s) | 14.1 ms | 71.0 FPS
2026-08-01 07:51:26 | INFO | [49/206] marine_marine-debris-aris3k-142.png -> 1 detection(s) | 12.3 ms | 81.3 FPS
2026-08-01 07:51:26 | INFO | [50/206] marine_marine-debris-aris3k-1426.png -> 2 detection(s) | 12.6 ms | 79.5 FPS
2026-08-01 07:51:26 | INFO | [51/206] marine_marine-debris-aris3k-1449.png -> 1 detection(s) | 11.7 ms | 85.2 FPS
2026-08-01 07:51:26 | INFO | [52/206] marine_marine-debris-aris3k-1452.png -> 2 detection(s) | 13.6 ms | 73.6 FPS
2026-08-01 07:51:26 | INFO | [53/206] marine_marine-debris-aris3k-1460.png -> 2 detection(s) | 13.8 ms | 72.5 FPS
2026-08-01 07:51:26 | INFO | [54/206] marine_marine-debris-aris3k-1482.png -> 1 detection(s) | 13.5 ms | 74.3 FPS
2026-08-01 07:51:26 | INFO | [55/206] marine_marine-debris-aris3k-1485.png -> 1 detection(s) | 13.4 ms | 74.4 FPS
2026-08-01 07:51:26 | INFO | [56/206] marine_marine-debris-aris3k-1486.png -> 1 detection(s) | 13.6 ms | 73.5 FPS
2026-08-01 07:51:26 | INFO | [57/206] marine_marine-debris-aris3k-149.png -> 1 detection(s) | 13.7 ms | 72.8 FPS
2026-08-01 07:51:26 | INFO | [58/206] marine_marine-debris-aris3k-1491.png -> 1 detection(s) | 12.4 ms | 80.8 FPS
2026-08-01 07:51:26 | INFO | [59/206] marine_marine-debris-aris3k-1495.png -> 1 detection(s) | 13.3 ms | 75.0 FPS
2026-08-01 07:51:26 | INFO | [60/206] marine_marine-debris-aris3k-1504.png -> 1 detection(s) | 14.9 ms | 67.1 FPS
2026-08-01 07:51:26 | INFO | [61/206] marine_marine-debris-aris3k-151.png -> 2 detection(s) | 13.1 ms | 76.6 FPS
2026-08-01 07:51:26 | INFO | [62/206] marine_marine-debris-aris3k-1530.png -> 1 detection(s) | 13.4 ms | 74.4 FPS
2026-08-01 07:51:26 | INFO | [63/206] marine_marine-debris-aris3k-1538.png -> 1 detection(s) | 13.8 ms | 72.6 FPS
2026-08-01 07:51:26 | INFO | [64/206] marine_marine-debris-aris3k-1578.png -> 1 detection(s) | 13.8 ms | 72.3 FPS
2026-08-01 07:51:26 | INFO | [65/206] marine_marine-debris-aris3k-158.png -> 1 detection(s) | 16.1 ms | 61.9 FPS
2026-08-01 07:51:26 | INFO | [66/206] marine_marine-debris-aris3k-1596.png -> 1 detection(s) | 13.7 ms | 73.2 FPS
2026-08-01 07:51:26 | INFO | [67/206] marine_marine-debris-aris3k-1618.png -> 1 detection(s) | 13.6 ms | 73.3 FPS
2026-08-01 07:51:26 | INFO | [68/206] marine_marine-debris-aris3k-1624.png -> 2 detection(s) | 14.8 ms | 67.7 FPS
2026-08-01 07:51:26 | INFO | [69/206] marine_marine-debris-aris3k-1631.png -> 1 detection(s) | 14.0 ms | 71.4 FPS
2026-08-01 07:51:26 | INFO | [70/206] marine_marine-debris-aris3k-1652.png -> 1 detection(s) | 12.9 ms | 77.2 FPS
2026-08-01 07:51:26 | INFO | [71/206] marine_marine-debris-aris3k-166.png -> 2 detection(s) | 12.3 ms | 81.3 FPS
2026-08-01 07:51:26 | INFO | [72/206] marine_marine-debris-aris3k-1664.png -> 1 detection(s) | 13.1 ms | 76.1 FPS
2026-08-01 07:51:26 | INFO | [73/206] marine_marine-debris-aris3k-1665.png -> 1 detection(s) | 13.3 ms | 75.3 FPS
2026-08-01 07:51:26 | INFO | [74/206] marine_marine-debris-aris3k-1670.png -> 1 detection(s) | 13.1 ms | 76.2 FPS
2026-08-01 07:51:26 | INFO | [75/206] marine_marine-debris-aris3k-1680.png -> 2 detection(s) | 14.6 ms | 68.3 FPS
2026-08-01 07:51:26 | INFO | [76/206] marine_marine-debris-aris3k-1696.png -> 1 detection(s) | 13.4 ms | 74.6 FPS
2026-08-01 07:51:26 | INFO | [77/206] marine_marine-debris-aris3k-1698.png -> 1 detection(s) | 13.0 ms | 76.9 FPS
2026-08-01 07:51:26 | INFO | [78/206] marine_marine-debris-aris3k-1699.png -> 1 detection(s) | 13.0 ms | 77.2 FPS
2026-08-01 07:51:26 | INFO | [79/206] marine_marine-debris-aris3k-1700.png -> 1 detection(s) | 12.6 ms | 79.5 FPS
2026-08-01 07:51:27 | INFO | [80/206] marine_marine-debris-aris3k-1707.png -> 1 detection(s) | 12.2 ms | 81.9 FPS
2026-08-01 07:51:27 | INFO | [81/206] marine_marine-debris-aris3k-1727.png -> 1 detection(s) | 13.0 ms | 76.9 FPS
2026-08-01 07:51:27 | INFO | [82/206] marine_marine-debris-aris3k-1733.png -> 2 detection(s) | 12.8 ms | 78.0 FPS
2026-08-01 07:51:27 | INFO | [83/206] marine_marine-debris-aris3k-1737.png -> 1 detection(s) | 12.8 ms | 78.1 FPS
2026-08-01 07:51:27 | INFO | [84/206] marine_marine-debris-aris3k-1771.png -> 1 detection(s) | 13.5 ms | 74.3 FPS
2026-08-01 07:51:27 | INFO | [85/206] marine_marine-debris-aris3k-1776.png -> 1 detection(s) | 14.1 ms | 71.0 FPS
2026-08-01 07:51:27 | INFO | [86/206] marine_marine-debris-aris3k-1777.png -> 1 detection(s) | 12.5 ms | 80.0 FPS
2026-08-01 07:51:27 | INFO | [87/206] marine_marine-debris-aris3k-1788.png -> 1 detection(s) | 13.0 ms | 76.7 FPS
2026-08-01 07:51:27 | INFO | [88/206] marine_marine-debris-aris3k-1825.png -> 2 detection(s) | 13.4 ms | 74.8 FPS
2026-08-01 07:51:27 | INFO | [89/206] marine_marine-debris-aris3k-1833.png -> 2 detection(s) | 13.9 ms | 71.9 FPS
2026-08-01 07:51:27 | INFO | [90/206] marine_marine-debris-aris3k-1843.png -> 1 detection(s) | 12.4 ms | 80.9 FPS
2026-08-01 07:51:27 | INFO | [91/206] marine_marine-debris-aris3k-1844.png -> 1 detection(s) | 12.8 ms | 78.0 FPS
2026-08-01 07:51:27 | INFO | [92/206] marine_marine-debris-aris3k-185.png -> 1 detection(s) | 13.3 ms | 75.3 FPS
2026-08-01 07:51:27 | INFO | [93/206] marine_marine-debris-aris3k-1860.png -> 1 detection(s) | 14.5 ms | 69.0 FPS
2026-08-01 07:51:27 | INFO | [94/206] marine_marine-debris-aris3k-226.png -> 1 detection(s) | 12.3 ms | 81.3 FPS
2026-08-01 07:51:27 | INFO | [95/206] marine_marine-debris-aris3k-237.png -> 1 detection(s) | 13.1 ms | 76.3 FPS
2026-08-01 07:51:27 | INFO | [96/206] marine_marine-debris-aris3k-248.png -> 1 detection(s) | 14.0 ms | 71.6 FPS
2026-08-01 07:51:27 | INFO | [97/206] marine_marine-debris-aris3k-256.png -> 2 detection(s) | 13.6 ms | 73.8 FPS
2026-08-01 07:51:27 | INFO | [98/206] marine_marine-debris-aris3k-292.png -> 2 detection(s) | 12.6 ms | 79.4 FPS
2026-08-01 07:51:27 | INFO | [99/206] marine_marine-debris-aris3k-300.png -> 1 detection(s) | 12.9 ms | 77.7 FPS
2026-08-01 07:51:27 | INFO | [100/206] marine_marine-debris-aris3k-305.png -> 2 detection(s) | 13.8 ms | 72.5 FPS
2026-08-01 07:51:27 | INFO | [101/206] marine_marine-debris-aris3k-306.png -> 2 detection(s) | 13.6 ms | 73.8 FPS
2026-08-01 07:51:27 | INFO | [102/206] marine_marine-debris-aris3k-31.png -> 1 detection(s) | 15.5 ms | 64.7 FPS
2026-08-01 07:51:27 | INFO | [103/206] marine_marine-debris-aris3k-321.png -> 1 detection(s) | 12.7 ms | 78.6 FPS
2026-08-01 07:51:27 | INFO | [104/206] marine_marine-debris-aris3k-334.png -> 2 detection(s) | 13.7 ms | 72.9 FPS
2026-08-01 07:51:27 | INFO | [105/206] marine_marine-debris-aris3k-337.png -> 2 detection(s) | 13.0 ms | 77.1 FPS
2026-08-01 07:51:27 | INFO | [106/206] marine_marine-debris-aris3k-343.png -> 1 detection(s) | 12.3 ms | 81.0 FPS
2026-08-01 07:51:27 | INFO | [107/206] marine_marine-debris-aris3k-351.png -> 1 detection(s) | 13.2 ms | 75.9 FPS
2026-08-01 07:51:27 | INFO | [108/206] marine_marine-debris-aris3k-362.png -> 1 detection(s) | 12.8 ms | 78.0 FPS
2026-08-01 07:51:27 | INFO | [109/206] marine_marine-debris-aris3k-381.png -> 2 detection(s) | 12.9 ms | 77.8 FPS
2026-08-01 07:51:27 | INFO | [110/206] marine_marine-debris-aris3k-393.png -> 1 detection(s) | 12.9 ms | 77.6 FPS
2026-08-01 07:51:27 | INFO | [111/206] marine_marine-debris-aris3k-395.png -> 2 detection(s) | 13.2 ms | 75.8 FPS
2026-08-01 07:51:27 | INFO | [112/206] marine_marine-debris-aris3k-402.png -> 1 detection(s) | 12.5 ms | 79.9 FPS
2026-08-01 07:51:27 | INFO | [113/206] marine_marine-debris-aris3k-405.png -> 1 detection(s) | 13.1 ms | 76.5 FPS
2026-08-01 07:51:27 | INFO | [114/206] marine_marine-debris-aris3k-415.png -> 1 detection(s) | 12.8 ms | 78.0 FPS
2026-08-01 07:51:28 | INFO | [115/206] marine_marine-debris-aris3k-416.png -> 1 detection(s) | 12.2 ms | 82.0 FPS
2026-08-01 07:51:28 | INFO | [116/206] marine_marine-debris-aris3k-426.png -> 1 detection(s) | 12.2 ms | 81.7 FPS
2026-08-01 07:51:28 | INFO | [117/206] marine_marine-debris-aris3k-43.png -> 1 detection(s) | 13.3 ms | 75.3 FPS
2026-08-01 07:51:28 | INFO | [118/206] marine_marine-debris-aris3k-44.png -> 1 detection(s) | 14.3 ms | 70.0 FPS
2026-08-01 07:51:28 | INFO | [119/206] marine_marine-debris-aris3k-457.png -> 1 detection(s) | 14.1 ms | 71.0 FPS
2026-08-01 07:51:28 | INFO | [120/206] marine_marine-debris-aris3k-474.png -> 1 detection(s) | 13.3 ms | 75.3 FPS
2026-08-01 07:51:28 | INFO | [121/206] marine_marine-debris-aris3k-476.png -> 1 detection(s) | 14.8 ms | 67.5 FPS
2026-08-01 07:51:28 | INFO | [122/206] marine_marine-debris-aris3k-488.png -> 1 detection(s) | 12.6 ms | 79.1 FPS
2026-08-01 07:51:28 | INFO | [123/206] marine_marine-debris-aris3k-489.png -> 1 detection(s) | 13.7 ms | 73.1 FPS
2026-08-01 07:51:28 | INFO | [124/206] marine_marine-debris-aris3k-496.png -> 1 detection(s) | 13.5 ms | 73.9 FPS
2026-08-01 07:51:28 | INFO | [125/206] marine_marine-debris-aris3k-497.png -> 1 detection(s) | 13.4 ms | 74.7 FPS
2026-08-01 07:51:28 | INFO | [126/206] marine_marine-debris-aris3k-501.png -> 2 detection(s) | 12.7 ms | 78.5 FPS
2026-08-01 07:51:28 | INFO | [127/206] marine_marine-debris-aris3k-511.png -> 2 detection(s) | 13.5 ms | 74.0 FPS
2026-08-01 07:51:28 | INFO | [128/206] marine_marine-debris-aris3k-514.png -> 2 detection(s) | 12.7 ms | 78.6 FPS
2026-08-01 07:51:28 | INFO | [129/206] marine_marine-debris-aris3k-525.png -> 1 detection(s) | 13.0 ms | 77.1 FPS
2026-08-01 07:51:28 | INFO | [130/206] marine_marine-debris-aris3k-536.png -> 1 detection(s) | 12.7 ms | 78.9 FPS
2026-08-01 07:51:28 | INFO | [131/206] marine_marine-debris-aris3k-552.png -> 2 detection(s) | 13.8 ms | 72.6 FPS
2026-08-01 07:51:28 | INFO | [132/206] marine_marine-debris-aris3k-564.png -> 1 detection(s) | 12.8 ms | 78.2 FPS
2026-08-01 07:51:28 | INFO | [133/206] marine_marine-debris-aris3k-571.png -> 2 detection(s) | 13.5 ms | 73.9 FPS
2026-08-01 07:51:28 | INFO | [134/206] marine_marine-debris-aris3k-574.png -> 1 detection(s) | 12.6 ms | 79.4 FPS
2026-08-01 07:51:28 | INFO | [135/206] marine_marine-debris-aris3k-577.png -> 1 detection(s) | 12.6 ms | 79.6 FPS
2026-08-01 07:51:28 | INFO | [136/206] marine_marine-debris-aris3k-58.png -> 1 detection(s) | 12.4 ms | 80.9 FPS
2026-08-01 07:51:28 | INFO | [137/206] marine_marine-debris-aris3k-586.png -> 2 detection(s) | 12.0 ms | 83.5 FPS
2026-08-01 07:51:28 | INFO | [138/206] marine_marine-debris-aris3k-603.png -> 1 detection(s) | 13.0 ms | 76.9 FPS
2026-08-01 07:51:28 | INFO | [139/206] marine_marine-debris-aris3k-61.png -> 1 detection(s) | 14.2 ms | 70.2 FPS
2026-08-01 07:51:28 | INFO | [140/206] marine_marine-debris-aris3k-610.png -> 1 detection(s) | 13.2 ms | 75.7 FPS
2026-08-01 07:51:28 | INFO | [141/206] marine_marine-debris-aris3k-615.png -> 1 detection(s) | 13.0 ms | 76.9 FPS
2026-08-01 07:51:28 | INFO | [142/206] marine_marine-debris-aris3k-637.png -> 1 detection(s) | 12.6 ms | 79.5 FPS
2026-08-01 07:51:28 | INFO | [143/206] marine_marine-debris-aris3k-640.png -> 1 detection(s) | 12.1 ms | 83.0 FPS
2026-08-01 07:51:28 | INFO | [144/206] marine_marine-debris-aris3k-646.png -> 2 detection(s) | 12.2 ms | 82.1 FPS
2026-08-01 07:51:28 | INFO | [145/206] marine_marine-debris-aris3k-661.png -> 1 detection(s) | 12.1 ms | 82.3 FPS
2026-08-01 07:51:28 | INFO | [146/206] marine_marine-debris-aris3k-662.png -> 1 detection(s) | 13.4 ms | 74.4 FPS
2026-08-01 07:51:28 | INFO | [147/206] marine_marine-debris-aris3k-675.png -> 2 detection(s) | 13.1 ms | 76.6 FPS
2026-08-01 07:51:28 | INFO | [148/206] marine_marine-debris-aris3k-682.png -> 2 detection(s) | 12.9 ms | 77.2 FPS
2026-08-01 07:51:29 | INFO | [149/206] marine_marine-debris-aris3k-684.png -> 2 detection(s) | 12.5 ms | 79.8 FPS
2026-08-01 07:51:29 | INFO | [150/206] marine_marine-debris-aris3k-690.png -> 1 detection(s) | 12.9 ms | 77.3 FPS
2026-08-01 07:51:29 | INFO | [151/206] marine_marine-debris-aris3k-694.png -> 1 detection(s) | 12.1 ms | 82.8 FPS
2026-08-01 07:51:29 | INFO | [152/206] marine_marine-debris-aris3k-700.png -> 1 detection(s) | 11.6 ms | 86.2 FPS
2026-08-01 07:51:29 | INFO | [153/206] marine_marine-debris-aris3k-71.png -> 1 detection(s) | 13.4 ms | 74.8 FPS
2026-08-01 07:51:29 | INFO | [154/206] marine_marine-debris-aris3k-716.png -> 1 detection(s) | 13.7 ms | 72.8 FPS
2026-08-01 07:51:29 | INFO | [155/206] marine_marine-debris-aris3k-724.png -> 1 detection(s) | 13.9 ms | 72.1 FPS
2026-08-01 07:51:29 | INFO | [156/206] marine_marine-debris-aris3k-733.png -> 1 detection(s) | 14.2 ms | 70.3 FPS
2026-08-01 07:51:29 | INFO | [157/206] marine_marine-debris-aris3k-734.png -> 1 detection(s) | 14.5 ms | 68.9 FPS
2026-08-01 07:51:29 | INFO | [158/206] marine_marine-debris-aris3k-742.png -> 2 detection(s) | 13.1 ms | 76.3 FPS
2026-08-01 07:51:29 | INFO | [159/206] marine_marine-debris-aris3k-748.png -> 1 detection(s) | 13.6 ms | 73.6 FPS
2026-08-01 07:51:29 | INFO | [160/206] marine_marine-debris-aris3k-778.png -> 1 detection(s) | 13.7 ms | 73.0 FPS
2026-08-01 07:51:29 | INFO | [161/206] marine_marine-debris-aris3k-800.png -> 1 detection(s) | 13.3 ms | 75.0 FPS
2026-08-01 07:51:29 | INFO | [162/206] marine_marine-debris-aris3k-802.png -> 1 detection(s) | 13.9 ms | 72.1 FPS
2026-08-01 07:51:29 | INFO | [163/206] marine_marine-debris-aris3k-804.png -> 1 detection(s) | 13.2 ms | 75.7 FPS
2026-08-01 07:51:29 | INFO | [164/206] marine_marine-debris-aris3k-809.png -> 1 detection(s) | 14.7 ms | 68.2 FPS
2026-08-01 07:51:29 | INFO | [165/206] marine_marine-debris-aris3k-832.png -> 1 detection(s) | 16.8 ms | 59.6 FPS
2026-08-01 07:51:29 | INFO | [166/206] marine_marine-debris-aris3k-846.png -> 1 detection(s) | 14.7 ms | 68.0 FPS
2026-08-01 07:51:29 | INFO | [167/206] marine_marine-debris-aris3k-847.png -> 1 detection(s) | 14.1 ms | 70.8 FPS
2026-08-01 07:51:29 | INFO | [168/206] marine_marine-debris-aris3k-855.png -> 1 detection(s) | 15.7 ms | 63.6 FPS
2026-08-01 07:51:29 | INFO | [169/206] marine_marine-debris-aris3k-871.png -> 2 detection(s) | 14.2 ms | 70.4 FPS
2026-08-01 07:51:29 | INFO | [170/206] marine_marine-debris-aris3k-88.png -> 2 detection(s) | 14.8 ms | 67.8 FPS
2026-08-01 07:51:29 | INFO | [171/206] marine_marine-debris-aris3k-893.png -> 2 detection(s) | 21.0 ms | 47.7 FPS
2026-08-01 07:51:29 | INFO | [172/206] marine_marine-debris-aris3k-894.png -> 1 detection(s) | 15.1 ms | 66.4 FPS
2026-08-01 07:51:29 | INFO | [173/206] marine_marine-debris-aris3k-905.png -> 1 detection(s) | 26.1 ms | 38.3 FPS
2026-08-01 07:51:29 | INFO | [174/206] marine_marine-debris-aris3k-909.png -> 2 detection(s) | 18.0 ms | 55.5 FPS
2026-08-01 07:51:29 | INFO | [175/206] marine_marine-debris-aris3k-914.png -> 1 detection(s) | 16.5 ms | 60.6 FPS
2026-08-01 07:51:29 | INFO | [176/206] marine_marine-debris-aris3k-92.png -> 2 detection(s) | 18.2 ms | 54.9 FPS
2026-08-01 07:51:29 | INFO | [177/206] marine_marine-debris-aris3k-951.png -> 1 detection(s) | 16.8 ms | 59.5 FPS
2026-08-01 07:51:29 | INFO | [178/206] marine_marine-debris-aris3k-958.png -> 1 detection(s) | 17.0 ms | 58.7 FPS
2026-08-01 07:51:30 | INFO | [179/206] marine_marine-debris-aris3k-962.png -> 1 detection(s) | 16.8 ms | 59.4 FPS
2026-08-01 07:51:30 | INFO | [180/206] marine_marine-debris-aris3k-967.png -> 2 detection(s) | 16.2 ms | 61.7 FPS
2026-08-01 07:51:30 | INFO | [181/206] marine_marine-debris-aris3k-976.png -> 1 detection(s) | 16.5 ms | 60.6 FPS
2026-08-01 07:51:30 | INFO | [182/206] marine_marine-debris-aris3k-98.png -> 2 detection(s) | 14.5 ms | 69.0 FPS
2026-08-01 07:51:30 | INFO | [183/206] marine_marine-debris-aris3k-983.png -> 1 detection(s) | 15.8 ms | 63.1 FPS
2026-08-01 07:51:30 | INFO | [184/206] marine_marine-debris-aris3k-984.png -> 1 detection(s) | 16.8 ms | 59.5 FPS
2026-08-01 07:51:30 | INFO | [185/206] marine_marine-debris-aris3k-987.png -> 1 detection(s) | 15.8 ms | 63.3 FPS
2026-08-01 07:51:30 | INFO | [186/206] marine_marine-debris-aris3k-990.png -> 1 detection(s) | 14.1 ms | 70.9 FPS
2026-08-01 07:51:30 | INFO | [187/206] marine_marine-debris-aris3k-992.png -> 2 detection(s) | 12.8 ms | 78.2 FPS
2026-08-01 07:51:30 | INFO | [188/206] marine_marine-debris-aris3k-994.png -> 2 detection(s) | 12.5 ms | 79.7 FPS
2026-08-01 07:51:30 | INFO | [189/206] mine_sonar83_jpg.rf.d7d3ede15a0476a8184ccc9f645b5955.jpg -> 1 detection(s) | 14.2 ms | 70.4 FPS
2026-08-01 07:51:30 | INFO | [190/206] mine_sonar84_jpg.rf.c868661cca1c14bb308bd928c1d1e54e.jpg -> 1 detection(s) | 14.3 ms | 70.0 FPS
2026-08-01 07:51:30 | INFO | [191/206] mine_sonar85_jpg.rf.3192057ce4556f7bc56671317c50431d.jpg -> 1 detection(s) | 14.4 ms | 69.6 FPS
2026-08-01 07:51:30 | INFO | [192/206] mine_sonar86_jpg.rf.a7bc6bc21f73e1636afa72a097c8878d.jpg -> 2 detection(s) | 13.2 ms | 76.0 FPS
2026-08-01 07:51:30 | INFO | [193/206] mine_sonar87_jpg.rf.2275a8c6356a68f2cd026074fab0fbf9.jpg -> 1 detection(s) | 14.2 ms | 70.6 FPS
2026-08-01 07:51:30 | INFO | [194/206] mine_sonar88_jpg.rf.cedf05cfbba72b9bd38de6d126bbbe76.jpg -> 1 detection(s) | 13.1 ms | 76.3 FPS
2026-08-01 07:51:30 | INFO | [195/206] mine_sonar89_jpg.rf.54de267b1dd46896035a8017f896e8c9.jpg -> 1 detection(s) | 15.6 ms | 64.3 FPS
2026-08-01 07:51:30 | INFO | [196/206] mine_sonar8_jpg.rf.3efb1cf5aba7c2cefc21f1cab852b8ce.jpg -> 1 detection(s) | 14.0 ms | 71.4 FPS
2026-08-01 07:51:30 | INFO | [197/206] mine_sonar90_jpg.rf.6dc9e1afcd5f9914f03fdbac8afbbab0.jpg -> 1 detection(s) | 12.8 ms | 78.2 FPS
2026-08-01 07:51:30 | INFO | [198/206] mine_sonar91_jpg.rf.1cc5cf29d0846c05146afe5260759ec2.jpg -> 1 detection(s) | 12.1 ms | 82.4 FPS
2026-08-01 07:51:30 | INFO | [199/206] mine_sonar92_jpg.rf.20b9433b2d27be0a4842ef5b43d31013.jpg -> 2 detection(s) | 13.5 ms | 74.1 FPS
2026-08-01 07:51:30 | INFO | [200/206] mine_sonar94_jpg.rf.1b9070f4aa154d16825d53bd356771b1.jpg -> 1 detection(s) | 11.7 ms | 85.6 FPS
2026-08-01 07:51:30 | INFO | [201/206] mine_sonar95_jpg.rf.dc9cc7c34485f915bda19b029373de01.jpg -> 1 detection(s) | 11.4 ms | 87.9 FPS
2026-08-01 07:51:30 | INFO | [202/206] mine_sonar96_jpg.rf.a271f0c8428cb264f56e1a25e0c3a91b.jpg -> 1 detection(s) | 12.0 ms | 83.4 FPS
2026-08-01 07:51:30 | INFO | [203/206] mine_sonar97_jpg.rf.0af6e66998559e85188360e72524e548.jpg -> 1 detection(s) | 14.2 ms | 70.4 FPS
2026-08-01 07:51:30 | INFO | [204/206] mine_sonar98_jpg.rf.f96a3b6a5a2599496693839f96359cc9.jpg -> 1 detection(s) | 13.6 ms | 73.7 FPS
2026-08-01 07:51:30 | INFO | [205/206] mine_sonar99_jpg.rf.42ba912455226b1328983b8a958a69d9.jpg -> 1 detection(s) | 13.3 ms | 75.0 FPS
2026-08-01 07:51:30 | INFO | [206/206] mine_sonar9_jpg.rf.b7e7154933ddb10f144a7b89327c32a9.jpg -> 1 detection(s) | 14.2 ms | 70.6 FPS
2026-08-01 07:51:30 | INFO | Saved /mnt/DATA/EE25M305/Sonar_Vision/Output/Output_1/Detection/yolov11_s/detections.csv (262 detection rows).
2026-08-01 07:51:30 | INFO | Saved /mnt/DATA/EE25M305/Sonar_Vision/Output/Output_1/Detection/yolov11_s/metrics.csv (262 rows).
2026-08-01 07:51:30 | INFO | Saved /mnt/DATA/EE25M305/Sonar_Vision/Output/Output_1/Detection/yolov11_s/summary.txt
2026-08-01 07:51:30 | INFO | Annotated images saved to /mnt/DATA/EE25M305/Sonar_Vision/Output/Output_1/Detection/yolov11_s/images
2026-08-01 07:51:30 | INFO | === Inference run complete ===
